2025-12-06 09:12:25.278 19424-19424 Continuous...mlProvider com.rifters.riftedreader             D  [HTML_BUILD] Attempting to fetch chapter 15...
2025-12-06 09:12:25.278 19424-19424 Continuous...mlProvider com.rifters.riftedreader             D  [HTML_BUILD] Chapter 15 -> globalPageIndex=15, fetching content...
2025-12-06 09:12:25.278 19424-19424 Continuous...mlProvider com.rifters.riftedreader             D  [HTML_BUILD] Chapter 15 content FETCHED successfully (htmlLength=21172, textLength=16644)
2025-12-06 09:12:25.278 19424-19424 Continuous...mlProvider com.rifters.riftedreader             D  [HTML_BUILD] Attempting to fetch chapter 16...
2025-12-06 09:12:25.278 19424-19424 Continuous...mlProvider com.rifters.riftedreader             D  [HTML_BUILD] Chapter 16 -> globalPageIndex=16, fetching content...
2025-12-06 09:12:25.279 19424-19424 Continuous...mlProvider com.rifters.riftedreader             D  [HTML_BUILD] Chapter 16 content FETCHED successfully (htmlLength=18320, textLength=13285)
2025-12-06 09:12:25.279 19424-19424 Continuous...mlProvider com.rifters.riftedreader             D  [HTML_BUILD] Attempting to fetch chapter 17...
2025-12-06 09:12:25.279 19424-19424 Continuous...mlProvider com.rifters.riftedreader             D  [HTML_BUILD] Chapter 17 -> globalPageIndex=17, fetching content...
2025-12-06 09:12:25.279 19424-19424 Continuous...mlProvider com.rifters.riftedreader             D  [HTML_BUILD] Chapter 17 content FETCHED successfully (htmlLength=16185, textLength=13234)
2025-12-06 09:12:25.279 19424-19424 Continuous...mlProvider com.rifters.riftedreader             D  [HTML_BUILD] Attempting to fetch chapter 18...
2025-12-06 09:12:25.280 19424-19424 Continuous...mlProvider com.rifters.riftedreader             D  [HTML_BUILD] Chapter 18 -> globalPageIndex=18, fetching content...
2025-12-06 09:12:25.280 19424-19424 Continuous...mlProvider com.rifters.riftedreader             D  [HTML_BUILD] Chapter 18 content FETCHED successfully (htmlLength=16960, textLength=13909)
2025-12-06 09:12:25.280 19424-19424 Continuous...mlProvider com.rifters.riftedreader             D  [HTML_BUILD] Attempting to fetch chapter 19...
2025-12-06 09:12:25.280 19424-19424 Continuous...mlProvider com.rifters.riftedreader             D  [HTML_BUILD] Chapter 19 -> globalPageIndex=19, fetching content...
2025-12-06 09:12:25.280 19424-19424 Continuous...mlProvider com.rifters.riftedreader             D  [HTML_BUILD] Chapter 19 content FETCHED successfully (htmlLength=17281, textLength=12933)
2025-12-06 09:12:25.280 19424-19424 Continuous...mlProvider com.rifters.riftedreader             D  [HTML_BUILD] Chapter collection complete for window 3: collected=[15, 16, 17, 18, 19], missing=0, totalRequested=5
2025-12-06 09:12:25.280 19424-19424 Continuous...mlProvider com.rifters.riftedreader             D  [HTML_BUILD] buildWindowHtml START: windowIndex=3, requestedChapters=[15, 16, 17, 18, 19], availableChapters=[15, 16, 17, 18, 19]
2025-12-06 09:12:25.280 19424-19424 Continuous...mlProvider com.rifters.riftedreader             D  [HTML_BUILD] Chapter 15 ADDED to window HTML (htmlLength=21172)
2025-12-06 09:12:25.280 19424-19424 Continuous...mlProvider com.rifters.riftedreader             D  [HTML_BUILD] Chapter 16 ADDED to window HTML (htmlLength=18320)
2025-12-06 09:12:25.280 19424-19424 Continuous...mlProvider com.rifters.riftedreader             D  [HTML_BUILD] Chapter 17 ADDED to window HTML (htmlLength=16185)
2025-12-06 09:12:25.281 19424-19424 Continuous...mlProvider com.rifters.riftedreader             D  [HTML_BUILD] Chapter 18 ADDED to window HTML (htmlLength=16960)
2025-12-06 09:12:25.281 19424-19424 Continuous...mlProvider com.rifters.riftedreader             D  [HTML_BUILD] Chapter 19 ADDED to window HTML (htmlLength=17281)
2025-12-06 09:12:25.281 19424-19424 Continuous...mlProvider com.rifters.riftedreader             D  [HTML_BUILD] buildWindowHtml COMPLETE: windowIndex=3, sectionsAdded=5, addedChapters=[15, 16, 17, 18, 19]
2025-12-06 09:12:25.281 19424-19424 Continuous...mlProvider com.rifters.riftedreader             D  [HTML_BUILD] Final window HTML for window 3: 90320 characters, 5 sections, chapters=[15, 16, 17, 18, 19]
2025-12-06 09:12:25.281 19424-19424 Continuous...mlProvider com.rifters.riftedreader             D  [PAGINATION_DEBUG] Built wrapped HTML for window 3 (chapters 15-19), htmlLength=90320
2025-12-06 09:12:25.281 19424-19424 ReaderViewModel         com.rifters.riftedreader             D  [PAGINATION_DEBUG] Pre-wrapped HTML for window 3: htmlLength=90320
2025-12-06 09:12:25.283 19424-19424 HtmlDebugLogger         com.rifters.riftedreader             D  Logged wrapped HTML to: book-74560396-98ae-4fa4-a165-6173cb016654-chapter-3-wrapped-20251206-091225-282.html (92219 bytes)
2025-12-06 09:12:25.283 19424-19424 Continuous...mlProvider com.rifters.riftedreader             D  [PAGINATION_DEBUG] Generating window HTML for window 4, chapters: 20-24
2025-12-06 09:12:25.283 19424-19424 Continuous...mlProvider com.rifters.riftedreader             D  [PAGINATION_DEBUG] All chapters for window 4 already loaded: [0, 1, 2, 3, 4, 5, 6, 7, 8, 9, 10, 11, 12, 13, 14, 15, 16, 17, 18, 19, 20, 21, 22, 23, 24]
2025-12-06 09:12:25.283 19424-19424 Continuous...mlProvider com.rifters.riftedreader             D  [HTML_BUILD] Starting chapter collection for window 4, chapters: [20, 21, 22, 23, 24]
2025-12-06 09:12:25.283 19424-19424 Continuous...mlProvider com.rifters.riftedreader             D  [HTML_BUILD] Attempting to fetch chapter 20...
2025-12-06 09:12:25.283 19424-19424 Continuous...mlProvider com.rifters.riftedreader             D  [HTML_BUILD] Chapter 20 -> globalPageIndex=20, fetching content...
2025-12-06 09:12:25.283 19424-19424 Continuous...mlProvider com.rifters.riftedreader             D  [HTML_BUILD] Chapter 20 content FETCHED successfully (htmlLength=16740, textLength=13276)
2025-12-06 09:12:25.283 19424-19424 Continuous...mlProvider com.rifters.riftedreader             D  [HTML_BUILD] Attempting to fetch chapter 21...
2025-12-06 09:12:25.283 19424-19424 Continuous...mlProvider com.rifters.riftedreader             D  [HTML_BUILD] Chapter 21 -> globalPageIndex=21, fetching content...
2025-12-06 09:12:25.283 19424-19424 Continuous...mlProvider com.rifters.riftedreader             D  [HTML_BUILD] Chapter 21 content FETCHED successfully (htmlLength=17416, textLength=12053)
2025-12-06 09:12:25.283 19424-19424 Continuous...mlProvider com.rifters.riftedreader             D  [HTML_BUILD] Attempting to fetch chapter 22...
2025-12-06 09:12:25.283 19424-19424 Continuous...mlProvider com.rifters.riftedreader             D  [HTML_BUILD] Chapter 22 -> globalPageIndex=22, fetching content...
2025-12-06 09:12:25.283 19424-19424 Continuous...mlProvider com.rifters.riftedreader             D  [HTML_BUILD] Chapter 22 content FETCHED successfully (htmlLength=16431, textLength=12663)
2025-12-06 09:12:25.283 19424-19424 Continuous...mlProvider com.rifters.riftedreader             D  [HTML_BUILD] Attempting to fetch chapter 23...
2025-12-06 09:12:25.284 19424-19424 Continuous...mlProvider com.rifters.riftedreader             D  [HTML_BUILD] Chapter 23 -> globalPageIndex=23, fetching content...
2025-12-06 09:12:25.284 19424-19424 Continuous...mlProvider com.rifters.riftedreader             D  [HTML_BUILD] Chapter 23 content FETCHED successfully (htmlLength=15626, textLength=11416)
2025-12-06 09:12:25.284 19424-19424 Continuous...mlProvider com.rifters.riftedreader             D  [HTML_BUILD] Attempting to fetch chapter 24...
2025-12-06 09:12:25.284 19424-19424 Continuous...mlProvider com.rifters.riftedreader             D  [HTML_BUILD] Chapter 24 -> globalPageIndex=24, fetching content...
2025-12-06 09:12:25.284 19424-19424 Continuous...mlProvider com.rifters.riftedreader             D  [HTML_BUILD] Chapter 24 content FETCHED successfully (htmlLength=15075, textLength=12106)
2025-12-06 09:12:25.284 19424-19424 Continuous...mlProvider com.rifters.riftedreader             D  [HTML_BUILD] Chapter collection complete for window 4: collected=[20, 21, 22, 23, 24], missing=0, totalRequested=5
2025-12-06 09:12:25.284 19424-19424 Continuous...mlProvider com.rifters.riftedreader             D  [HTML_BUILD] buildWindowHtml START: windowIndex=4, requestedChapters=[20, 21, 22, 23, 24], availableChapters=[20, 21, 22, 23, 24]
2025-12-06 09:12:25.284 19424-19424 Continuous...mlProvider com.rifters.riftedreader             D  [HTML_BUILD] Chapter 20 ADDED to window HTML (htmlLength=16740)
2025-12-06 09:12:25.284 19424-19424 Continuous...mlProvider com.rifters.riftedreader             D  [HTML_BUILD] Chapter 21 ADDED to window HTML (htmlLength=17416)
2025-12-06 09:12:25.284 19424-19424 Continuous...mlProvider com.rifters.riftedreader             D  [HTML_BUILD] Chapter 22 ADDED to window HTML (htmlLength=16431)
2025-12-06 09:12:25.284 19424-19424 Continuous...mlProvider com.rifters.riftedreader             D  [HTML_BUILD] Chapter 23 ADDED to window HTML (htmlLength=15626)
2025-12-06 09:12:25.284 19424-19424 Continuous...mlProvider com.rifters.riftedreader             D  [HTML_BUILD] Chapter 24 ADDED to window HTML (htmlLength=15075)
2025-12-06 09:12:25.284 19424-19424 Continuous...mlProvider com.rifters.riftedreader             D  [HTML_BUILD] buildWindowHtml COMPLETE: windowIndex=4, sectionsAdded=5, addedChapters=[20, 21, 22, 23, 24]
2025-12-06 09:12:25.285 19424-19424 Continuous...mlProvider com.rifters.riftedreader             D  [HTML_BUILD] Final window HTML for window 4: 81690 characters, 5 sections, chapters=[20, 21, 22, 23, 24]
2025-12-06 09:12:25.285 19424-19424 Continuous...mlProvider com.rifters.riftedreader             D  [PAGINATION_DEBUG] Built wrapped HTML for window 4 (chapters 20-24), htmlLength=81690
2025-12-06 09:12:25.285 19424-19424 ReaderViewModel         com.rifters.riftedreader             D  [PAGINATION_DEBUG] Pre-wrapped HTML for window 4: htmlLength=81690
2025-12-06 09:12:25.286 19424-19424 HtmlDebugLogger         com.rifters.riftedreader             D  Logged wrapped HTML to: book-74560396-98ae-4fa4-a165-6173cb016654-chapter-4-wrapped-20251206-091225-285.html (83291 bytes)
2025-12-06 09:12:25.286 19424-19424 ReaderViewModel         com.rifters.riftedreader             D  [PAGINATION_DEBUG] preWrapInitialWindows complete: cached 5 windows
2025-12-06 09:12:25.287 19424-19424 ContinuousPaginator     com.rifters.riftedreader             D  Loading window: chapters 0-4
2025-12-06 09:12:25.287 19424-19424 ContinuousPaginator     com.rifters.riftedreader             D  Unloading chapter 10
2025-12-06 09:12:25.287 19424-19424 ContinuousPaginator     com.rifters.riftedreader             D  Unloading chapter 11
2025-12-06 09:12:25.287 19424-19424 ContinuousPaginator     com.rifters.riftedreader             D  Unloading chapter 12
2025-12-06 09:12:25.287 19424-19424 ContinuousPaginator     com.rifters.riftedreader             D  Unloading chapter 13
2025-12-06 09:12:25.287 19424-19424 ContinuousPaginator     com.rifters.riftedreader             D  Unloading chapter 14
2025-12-06 09:12:25.287 19424-19424 ContinuousPaginator     com.rifters.riftedreader             D  Unloading chapter 5
2025-12-06 09:12:25.288 19424-19424 ContinuousPaginator     com.rifters.riftedreader             D  Unloading chapter 6
2025-12-06 09:12:25.288 19424-19424 ContinuousPaginator     com.rifters.riftedreader             D  Unloading chapter 7
2025-12-06 09:12:25.288 19424-19424 ContinuousPaginator     com.rifters.riftedreader             D  Unloading chapter 8
2025-12-06 09:12:25.288 19424-19424 ContinuousPaginator     com.rifters.riftedreader             D  Unloading chapter 9
2025-12-06 09:12:25.288 19424-19424 ContinuousPaginator     com.rifters.riftedreader             D  Unloading chapter 15
2025-12-06 09:12:25.288 19424-19424 ContinuousPaginator     com.rifters.riftedreader             D  Unloading chapter 16
2025-12-06 09:12:25.288 19424-19424 ContinuousPaginator     com.rifters.riftedreader             D  Unloading chapter 17
2025-12-06 09:12:25.288 19424-19424 ContinuousPaginator     com.rifters.riftedreader             D  Unloading chapter 18
2025-12-06 09:12:25.289 19424-19424 ContinuousPaginator     com.rifters.riftedreader             D  Unloading chapter 19
2025-12-06 09:12:25.289 19424-19424 ContinuousPaginator     com.rifters.riftedreader             D  Unloading chapter 20
2025-12-06 09:12:25.289 19424-19424 ContinuousPaginator     com.rifters.riftedreader             D  Unloading chapter 21
2025-12-06 09:12:25.289 19424-19424 ContinuousPaginator     com.rifters.riftedreader             D  Unloading chapter 22
2025-12-06 09:12:25.289 19424-19424 ContinuousPaginator     com.rifters.riftedreader             D  Unloading chapter 23
2025-12-06 09:12:25.289 19424-19424 ContinuousPaginator     com.rifters.riftedreader             D  Unloading chapter 24
2025-12-06 09:12:25.291 19424-19424 HtmlDebugLogger         com.rifters.riftedreader             D  Logged window HTML to: book-Hell_Difficulty_Tutorial_4__A_LitRPG_Adventure_nod-window-0-20251206-091225-289.html (20141 bytes)
2025-12-06 09:12:25.291 19424-19424 ContinuousPaginator     com.rifters.riftedreader             D  Recalculating global page mapping
2025-12-06 09:12:25.291 19424-19424 ContinuousPaginator     com.rifters.riftedreader             D  Global page mapping complete: 98 total pages
2025-12-06 09:12:25.292 19424-19424 ReaderActivity          com.rifters.riftedreader             D  [CONTENT_LOADED] Checking gates: page=0 textLength=0 hasHtml=true isWebViewReady=false isPaginatorInit=false textNonEmpty=false pendingTtsResume=false
2025-12-06 09:12:25.299 19424-19424 ReaderViewModel         com.rifters.riftedreader             D  [PAGINATION_DEBUG] Restored position: chapter=0, inPage=0, globalPage=0
2025-12-06 09:12:25.301 19424-19424 PaginationModeGuard     com.rifters.riftedreader             D  [PAGINATION_DEBUG] Window build COMPLETED: mode=UNKNOWN, elapsed=1703ms, modeStable=true
2025-12-06 09:12:25.542 19424-19467 ReaderPageFragment      com.rifters.riftedreader             D  [ASSET_LOADER] Intercepted request: https://appassets.androidplatform.net/assets/inpage_paginator.js
2025-12-06 09:12:25.543 19424-19468 ReaderPageFragment      com.rifters.riftedreader             D  [ASSET_LOADER] Intercepted request: https://appassets.androidplatform.net/epub-images/Hell%20Difficulty%20Tutorial%204_%20A%20LitRPG%20Adventure_nodrm/chapter_1/OEBPS_image_rsrcAMS.jpg
2025-12-06 09:12:25.543 19424-19469 ReaderPageFragment      com.rifters.riftedreader             D  [ASSET_LOADER] Intercepted request: https://appassets.androidplatform.net/epub-images/Hell%20Difficulty%20Tutorial%204_%20A%20LitRPG%20Adventure_nodrm/chapter_3/OEBPS_image_rsrcAMT.jpg
2025-12-06 09:12:25.640 19424-19467 ReaderPageFragment      com.rifters.riftedreader             D  [ASSET_LOADER] Intercepted request: https://appassets.androidplatform.net/epub-images/Hell%20Difficulty%20Tutorial%204_%20A%20LitRPG%20Adventure_nodrm/chapter_0/OEBPS_image_rsrcAMR.jpg
2025-12-06 09:12:25.746 19424-19424 ReaderPageFragment      com.rifters.riftedreader             D  [PAGINATION_DEBUG] onPageFinished fired: windowIndex=0, url=https://appassets.androidplatform.net/, webViewSize=1080x2232
2025-12-06 09:12:25.749 19424-19424 ReaderPageFragment      com.rifters.riftedreader             D  [PAGINATION_DEBUG] Configuring paginator: mode=WINDOW, windowIndex=0, chapterIndex=null, rootSelector=#window-root
2025-12-06 09:12:25.754 19424-19424 ReaderPageFragment      com.rifters.riftedreader             D  [PAGINATION_DEBUG] Initializing paginator with fontSize=16.0px
2025-12-06 09:12:25.757 19424-19424 ReaderPageFragment      com.rifters.riftedreader             D  [PAGINATION_DEBUG] onPaginationReady callback: windowIndex=0, totalPages=8, webViewSize=1080x2232, paginationMode=CONTINUOUS
2025-12-06 09:12:25.757 19424-19424 ReaderPageFragment      com.rifters.riftedreader             D  [PAGINATION_DEBUG] isPaginatorInitialized set to true for windowIndex=0
2025-12-06 09:12:25.757 19424-19424 ReaderPageFragment      com.rifters.riftedreader             D  [CHAPTER_METRICS] onPaginationReady: Chapter metrics available from ViewModel
2025-12-06 09:12:25.757 19424-19424 ContinuousPaginator     com.rifters.riftedreader             D  Updating chapter 0 page count: 1 -> 8
2025-12-06 09:12:25.757 19424-19424 ContinuousPaginator     com.rifters.riftedreader             D  Recalculating global page mapping
2025-12-06 09:12:25.758 19424-19424 ContinuousPaginator     com.rifters.riftedreader             D  Global page mapping complete: 105 total pages
2025-12-06 09:12:28.894 19424-19424 ReaderActivity          com.rifters.riftedreader             D  VOLUME_DOWN pressed: paginationMode=CONTINUOUS, index=0, fragTag=f0, fragFound=true [HARDWARE_KEY_NAV]
2025-12-06 09:12:28.894 19424-19424 ReaderPageFragment      com.rifters.riftedreader             D  handleHardwarePageKey ACCEPTED: windowIndex=0, launching navigation for isNext=true [EDGE_DEBUG]
2025-12-06 09:12:28.907 19424-19424 ReaderPageFragment      com.rifters.riftedreader             D  HARDWARE_KEY navigation: windowIndex=0, inPage=0/-1, paginationMode=CONTINUOUS, currentWindow=0, isNext=true [EDGE_AWARE_NAV]
2025-12-06 09:12:28.907 19424-19424 ReaderPageFragment      com.rifters.riftedreader             D  EDGE_HIT: last in-page (0/-1), requesting next window from window 0 [EDGE_FORWARD]
2025-12-06 09:12:28.916 19424-19424 ReaderPageFragment      com.rifters.riftedreader             D  [CHARACTER_OFFSET] Captured position: page=0/-1, offset=0
2025-12-06 09:12:28.916 19424-19424 ReaderViewModel         com.rifters.riftedreader             D  [CHARACTER_OFFSET] Updated position: windowIndex=0, pageInWindow=0, offset=0
2025-12-06 09:12:28.916 19424-19424 ReaderPageFragment      com.rifters.riftedreader             D  WINDOW_EXIT: windowIndex=0, direction=NEXT, target=1, totalWindows=20 [WINDOW_NAV]
2025-12-06 09:12:28.916 19424-19424 ReaderPageFragment      com.rifters.riftedreader             D  Calling ReaderActivity.navigateToNextPage() for window transition 0 -> 1 [HANDOFF_TO_ACTIVITY]
2025-12-06 09:12:28.916 19424-19424 ReaderActivity          com.rifters.riftedreader             D  navigateToNextPage (window mode): currentWindow=0 -> nextWindow=1, totalWindows=20, adapterItemCount=20, mode=PAGE [WINDOW_SWITCH_REASON:USER_TAP_OR_BUTTON]
2025-12-06 09:12:28.916 19424-19424 ReaderViewModel         com.rifters.riftedreader             D  goToWindow called: windowIndex=1, previousWindow=0, totalWindows=20, paginationMode=CONTINUOUS [WINDOW_NAV_REQUEST]
2025-12-06 09:12:28.916 19424-19424 ReaderViewModel         com.rifters.riftedreader             D  goToWindow: _currentWindowIndex updated from 0 to 1 [WINDOW_STATE_UPDATE]
2025-12-06 09:12:28.916 19424-19424 ReaderViewModel         com.rifters.riftedreader             D  goToWindow: triggering window preload for windowIndex=1 [PRELOAD_TRIGGER]
2025-12-06 09:12:28.916 19424-19424 WindowBufferManager     com.rifters.riftedreader             D  [PAGINATION_DEBUG] preloadWindow: window 1 already cached
2025-12-06 09:12:28.917 19424-19424 ReaderActivity          com.rifters.riftedreader             D  Programmatically scrolling RecyclerView to window 1 (user navigation), readerMode=PAGE [PROGRAMMATIC_WINDOW_CHANGE]
2025-12-06 09:12:28.917 19424-19424 ReaderActivity          com.rifters.riftedreader             D  Syncing RecyclerView to window index: 1
2025-12-06 09:12:28.917 19424-19424 ReaderActivity          com.rifters.riftedreader             D  setCurrentItem: position=1, smoothScroll=false, adapterItemCount=20, recyclerViewSize=1080x2400, layoutManagerInitialized=true [SCROLL_REQUEST]
2025-12-06 09:12:28.917 19424-19424 ReaderActivity          com.rifters.riftedreader             D  Initiating instant scroll to position 1 [INSTANT_SCROLL]
2025-12-06 09:12:28.917 19424-19424 ReaderViewModel         com.rifters.riftedreader             D  goToWindow: navigating to firstChapter=5 in window=1 (totalChapters=98, chaptersPerWindow=5) [CHAPTER_NAV]
2025-12-06 09:12:28.917 19424-19424 ContinuousPaginator     com.rifters.riftedreader             D  Loading window: chapters 3-7
2025-12-06 09:12:28.917 19424-19424 ContinuousPaginator     com.rifters.riftedreader             D  Skipping unload during initialization: loadedChapters.size=5 < 25
2025-12-06 09:12:28.917 19424-19424 ContinuousPaginator     com.rifters.riftedreader             D  Loading chapter 5
2025-12-06 09:12:28.923 19424-19424 ReaderPagerAdapter      com.rifters.riftedreader             D  [PAGINATION_DEBUG] onCreateViewHolder: parentWidth=1080, parentHeight=2400
2025-12-06 09:12:28.923 19424-19424 ReaderPagerAdapter      com.rifters.riftedreader             D  [PAGINATION_DEBUG] onBindViewHolder: position=1 (windowIndex), totalWindows=20, currentWindowIndex=1, containerWidth=0, containerHeight=0
2025-12-06 09:12:28.924 19424-19424 ReaderPagerAdapter      com.rifters.riftedreader             D  [PAGINATION_DEBUG] Fragment CREATING: position=1 (windowIndex=1), fragmentTag=f1, activeFragments=1
2025-12-06 09:12:28.930 19424-19424 ReaderPagerAdapter      com.rifters.riftedreader             D  [PAGINATION_DEBUG] Fragment COMMITTED: position=1, containerId=2131296510, activeFragments=2, fragmentTag=f1 [FRAGMENT_ADDED]
2025-12-06 09:12:28.934 19424-19512 HtmlDebugLogger         com.rifters.riftedreader             D  Logged chapter HTML to: book-Hell_Difficulty_Tutorial_4__A_LitRPG_Adventure_nod-chapter-5-20251206-091228-932.html (11790 bytes)
2025-12-06 09:12:28.941 19424-19424 ReaderViewModel         com.rifters.riftedreader             D  [PAGINATION_DEBUG] getWindowHtml called: windowIndex=1, mode=CONTINUOUS
2025-12-06 09:12:28.942 19424-19424 ReaderPageFragment      com.rifters.riftedreader             D  [ASSET_LOADER_INIT] root=/storage/emulated/0/Download/.image_cache domain=appassets.androidplatform.net prefix=/epub-images/
2025-12-06 09:12:28.943 19424-19424 ReaderPageFragment      com.rifters.riftedreader             D  setupWebViewSwipeHandling() called for page 1
2025-12-06 09:12:28.944 19424-19424 ReaderPageFragment      com.rifters.riftedreader             D  [CONTENT_LOAD] Continuous mode: directly rendering window 1 from buffer
2025-12-06 09:12:28.944 19424-19424 ReaderPageFragment      com.rifters.riftedreader             D  [PAGINATION_DEBUG] renderBaseContent called: windowIndex=1, hasHtml=true, htmlLength=27, paginationMode=CONTINUOUS
2025-12-06 09:12:28.944 19424-19424 ReaderPageFragment      com.rifters.riftedreader             D  [WINDOW_HTML] Requesting window HTML for windowIndex=1 [BEFORE_CALL]
2025-12-06 09:12:28.944 19424-19424 ReaderViewModel         com.rifters.riftedreader             D  [PAGINATION_DEBUG] getWindowHtml called: windowIndex=1, mode=CONTINUOUS
2025-12-06 09:12:28.945 19424-19424 WindowRenderingDebug    com.rifters.riftedreader             D  [DEBUG_WINDOW_BG] Applied GREEN overlay to window 1 (color=0x4000ff00)
2025-12-06 09:12:28.947 19424-19424 ContinuousPaginator     com.rifters.riftedreader             D  Loaded chapter 5 with 1 pages
2025-12-06 09:12:28.947 19424-19424 ContinuousPaginator     com.rifters.riftedreader             D  Loading chapter 6
2025-12-06 09:12:28.958 19424-19512 Diagnostic              com.rifters.riftedreader             D  [Parser] Processing 1 images on page 6, contentDir='OEBPS'
2025-12-06 09:12:28.960 19424-19512 Diagnostic              com.rifters.riftedreader             D  [Parser] Processing image: src='image_rsrcAMT.jpg', tag=img, originalDim=nullxnull
2025-12-06 09:12:28.961 19424-19512 Diagnostic              com.rifters.riftedreader             D  [Parser] Injected dimensions: 1920x853 for image_rsrcAMT.jpg
2025-12-06 09:12:28.963 19424-19512 Diagnostic              com.rifters.riftedreader             D  [Parser] [IMAGE_CACHE] Attempting to cache: chapter=6, file=OEBPS_image_rsrcAMT.jpg, dir=/storage/emulated/0/Download/.image_cache/Hell Difficulty Tutorial 4_ A LitRPG Adventure_nodrm/chapter_6, dirExists=true
2025-12-06 09:12:28.966 19424-19512 Diagnostic              com.rifters.riftedreader             D  [Parser] [IMAGE_CACHE] Wrote image: path=/storage/emulated/0/Download/.image_cache/Hell Difficulty Tutorial 4_ A LitRPG Adventure_nodrm/chapter_6/OEBPS_image_rsrcAMT.jpg, exists=true, size=15016 bytes
2025-12-06 09:12:28.967 19424-19512 Diagnostic              com.rifters.riftedreader             D  [Parser] [IMAGE_CACHE] Generated asset URL: https://appassets.androidplatform.net/epub-images/Hell%20Difficulty%20Tutorial%204_%20A%20LitRPG%20Adventure_nodrm/chapter_6/OEBPS_image_rsrcAMT.jpg
2025-12-06 09:12:28.967 19424-19512 Diagnostic              com.rifters.riftedreader             D  [Parser] Image processed: image_rsrcAMT.jpg -> actualDim=1920x853, dimensionsInjected=true
2025-12-06 09:12:28.967 19424-19512 Diagnostic              com.rifters.riftedreader             I  [Parser] Image processing complete for page 6: total=1, success=1, failed=0, dimensionsInjected=1
2025-12-06 09:12:28.974 19424-19512 HtmlDebugLogger         com.rifters.riftedreader             D  Logged chapter HTML to: book-Hell_Difficulty_Tutorial_4__A_LitRPG_Adventure_nod-chapter-6-20251206-091228-972.html (18591 bytes)
2025-12-06 09:12:28.975 19424-19424 ContinuousPaginator     com.rifters.riftedreader             D  Loaded chapter 6 with 1 pages
2025-12-06 09:12:28.975 19424-19424 ContinuousPaginator     com.rifters.riftedreader             D  Loading chapter 7
2025-12-06 09:12:28.984 19424-19512 Diagnostic              com.rifters.riftedreader             D  [Parser] Processing 2 images on page 7, contentDir='OEBPS'
2025-12-06 09:12:28.987 19424-19512 Diagnostic              com.rifters.riftedreader             D  [Parser] Processing image: src='image_rsrcAMT.jpg', tag=img, originalDim=nullxnull
2025-12-06 09:12:28.988 19424-19512 Diagnostic              com.rifters.riftedreader             D  [Parser] Injected dimensions: 1920x853 for image_rsrcAMT.jpg
2025-12-06 09:12:28.989 19424-19512 Diagnostic              com.rifters.riftedreader             D  [Parser] [IMAGE_CACHE] Attempting to cache: chapter=7, file=OEBPS_image_rsrcAMT.jpg, dir=/storage/emulated/0/Download/.image_cache/Hell Difficulty Tutorial 4_ A LitRPG Adventure_nodrm/chapter_7, dirExists=true
2025-12-06 09:12:28.991 19424-19512 Diagnostic              com.rifters.riftedreader             D  [Parser] [IMAGE_CACHE] Wrote image: path=/storage/emulated/0/Download/.image_cache/Hell Difficulty Tutorial 4_ A LitRPG Adventure_nodrm/chapter_7/OEBPS_image_rsrcAMT.jpg, exists=true, size=15016 bytes
2025-12-06 09:12:28.992 19424-19512 Diagnostic              com.rifters.riftedreader             D  [Parser] [IMAGE_CACHE] Generated asset URL: https://appassets.androidplatform.net/epub-images/Hell%20Difficulty%20Tutorial%204_%20A%20LitRPG%20Adventure_nodrm/chapter_7/OEBPS_image_rsrcAMT.jpg
2025-12-06 09:12:28.992 19424-19512 Diagnostic              com.rifters.riftedreader             D  [Parser] Image processed: image_rsrcAMT.jpg -> actualDim=1920x853, dimensionsInjected=true
2025-12-06 09:12:28.992 19424-19512 Diagnostic              com.rifters.riftedreader             D  [Parser] Processing image: src='image_rsrcAMT.jpg', tag=img, originalDim=nullxnull
2025-12-06 09:12:28.993 19424-19512 Diagnostic              com.rifters.riftedreader             D  [Parser] Injected dimensions: 1920x853 for image_rsrcAMT.jpg
2025-12-06 09:12:28.993 19424-19512 Diagnostic              com.rifters.riftedreader             D  [Parser] [IMAGE_CACHE] Attempting to cache: chapter=7, file=OEBPS_image_rsrcAMT.jpg, dir=/storage/emulated/0/Download/.image_cache/Hell Difficulty Tutorial 4_ A LitRPG Adventure_nodrm/chapter_7, dirExists=true
2025-12-06 09:12:28.996 19424-19512 Diagnostic              com.rifters.riftedreader             D  [Parser] [IMAGE_CACHE] Wrote image: path=/storage/emulated/0/Download/.image_cache/Hell Difficulty Tutorial 4_ A LitRPG Adventure_nodrm/chapter_7/OEBPS_image_rsrcAMT.jpg, exists=true, size=15016 bytes
2025-12-06 09:12:28.996 19424-19512 Diagnostic              com.rifters.riftedreader             D  [Parser] [IMAGE_CACHE] Generated asset URL: https://appassets.androidplatform.net/epub-images/Hell%20Difficulty%20Tutorial%204_%20A%20LitRPG%20Adventure_nodrm/chapter_7/OEBPS_image_rsrcAMT.jpg
2025-12-06 09:12:28.996 19424-19512 Diagnostic              com.rifters.riftedreader             D  [Parser] Image processed: image_rsrcAMT.jpg -> actualDim=1920x853, dimensionsInjected=true
2025-12-06 09:12:28.996 19424-19512 Diagnostic              com.rifters.riftedreader             I  [Parser] Image processing complete for page 7: total=2, success=2, failed=0, dimensionsInjected=2
2025-12-06 09:12:29.001 19424-19512 HtmlDebugLogger         com.rifters.riftedreader             D  Logged chapter HTML to: book-Hell_Difficulty_Tutorial_4__A_LitRPG_Adventure_nod-chapter-7-20251206-091229-000.html (20353 bytes)
2025-12-06 09:12:29.001 19424-19424 ContinuousPaginator     com.rifters.riftedreader             D  Loaded chapter 7 with 1 pages
2025-12-06 09:12:29.003 19424-19424 HtmlDebugLogger         com.rifters.riftedreader             D  Logged window HTML to: book-Hell_Difficulty_Tutorial_4__A_LitRPG_Adventure_nod-window-5-20251206-091229-002.html (65115 bytes)
2025-12-06 09:12:29.003 19424-19424 ContinuousPaginator     com.rifters.riftedreader             D  Recalculating global page mapping
2025-12-06 09:12:29.003 19424-19424 ContinuousPaginator     com.rifters.riftedreader             D  Global page mapping complete: 105 total pages
2025-12-06 09:12:29.004 19424-19424 ReaderViewModel         com.rifters.riftedreader             D  [PAGINATION_DEBUG] Getting window HTML: windowIndex=1, chapters=5-9 (totalChapters=98, windowSize=5)
2025-12-06 09:12:29.004 19424-19424 ReaderViewModel         com.rifters.riftedreader             D  [PAGINATION_DEBUG] Using WindowBufferManager cached HTML for window 1 (htmlLength=83640)
2025-12-06 09:12:29.004 19424-19424 ReaderPageFragment      com.rifters.riftedreader             D  [WINDOW_INIT] Window 1 initialized: chapter=5, inPage=0
2025-12-06 09:12:29.004 19424-19424 ReaderViewModel         com.rifters.riftedreader             D  [PAGINATION_DEBUG] Getting window HTML: windowIndex=1, chapters=5-9 (totalChapters=98, windowSize=5)
2025-12-06 09:12:29.004 19424-19424 ReaderViewModel         com.rifters.riftedreader             D  [PAGINATION_DEBUG] Using WindowBufferManager cached HTML for window 1 (htmlLength=83640)
2025-12-06 09:12:29.004 19424-19424 ReaderPageFragment      com.rifters.riftedreader             D  [WINDOW_HTML] Received window payload: windowIndex=1, payload=NOT_NULL [AFTER_CALL]
2025-12-06 09:12:29.004 19424-19424 ReaderPageFragment      com.rifters.riftedreader             D  [DEBUG_WEBVIEW_STATE] windowIndex=1, size=1080x2232, visibility=VISIBLE, alpha=1.0, htmlLength=83640, payloadNull=false
2025-12-06 09:12:29.004 19424-19424 ReaderPageFragment      com.rifters.riftedreader             D  [PAGINATION_DEBUG] Using window HTML for windowIndex=1: window=1, firstChapter=5 (5 chapters per window, totalChapters=98), htmlLength=83640
2025-12-06 09:12:29.004 19424-19424 ReaderViewModel         com.rifters.riftedreader             D  [PAGINATION_DEBUG] getWindowHtml called: windowIndex=1, mode=CONTINUOUS
2025-12-06 09:12:29.004 19424-19424 ReaderViewModel         com.rifters.riftedreader             D  [PAGINATION_DEBUG] Getting window HTML: windowIndex=1, chapters=5-9 (totalChapters=98, windowSize=5)
2025-12-06 09:12:29.004 19424-19424 ReaderViewModel         com.rifters.riftedreader             D  [PAGINATION_DEBUG] Using WindowBufferManager cached HTML for window 1 (htmlLength=83640)
2025-12-06 09:12:29.030 19424-19424 ReaderPageFragment      com.rifters.riftedreader             D  [PAGINATION_DEBUG] Wrapped HTML prepared: windowIndex=1, wrappedLength=91888, diagnostics=false
2025-12-06 09:12:29.031 19424-19424 HtmlDebugLogger         com.rifters.riftedreader             D  Logged wrapped HTML to: book-74560396-98ae-4fa4-a165-6173cb016654-chapter-5-wrapped-20251206-091229-030.html (93621 bytes)
2025-12-06 09:12:29.031 19424-19424 ReaderPageFragment      com.rifters.riftedreader             D  [PAGINATION_DEBUG] WebView already measured: 1080x2232, loading HTML immediately
2025-12-06 09:12:29.031 19424-19424 ReaderPageFragment      com.rifters.riftedreader             D  [PAGINATION_DEBUG] Loading HTML into WebView: windowIndex=1, isWebViewReady=false, webViewSize=1080x2232
2025-12-06 09:12:29.038 19424-19424 ReaderActivity          com.rifters.riftedreader             D  [CONTENT_LOADED] Checking gates: page=12 textLength=9908 hasHtml=true isWebViewReady=false isPaginatorInit=false textNonEmpty=true pendingTtsResume=false
2025-12-06 09:12:29.038 19424-19424 ReaderActivity          com.rifters.riftedreader             D  [CONTENT_LOADED] SKIPPED - gates not met: webViewReady=false paginatorInit=false textNonEmpty=true
2025-12-06 09:12:29.039 19424-19424 ReaderViewModel         com.rifters.riftedreader             D  goToWindow SUCCESS: windowIndex=1 -> firstChapter=5, globalPage=12 [WINDOW_NAV_SUCCESS]
2025-12-06 09:12:29.056 19424-19467 ReaderPageFragment      com.rifters.riftedreader             D  [ASSET_LOADER] Intercepted request: https://appassets.androidplatform.net/assets/inpage_paginator.js
2025-12-06 09:12:29.060 19424-19468 ReaderPageFragment      com.rifters.riftedreader             D  [ASSET_LOADER] Intercepted request: https://appassets.androidplatform.net/epub-images/Hell%20Difficulty%20Tutorial%204_%20A%20LitRPG%20Adventure_nodrm/chapter_6/OEBPS_image_rsrcAMT.jpg
2025-12-06 09:12:29.060 19424-19467 ReaderPageFragment      com.rifters.riftedreader             D  [ASSET_LOADER] Intercepted request: https://appassets.androidplatform.net/epub-images/Hell%20Difficulty%20Tutorial%204_%20A%20LitRPG%20Adventure_nodrm/chapter_7/OEBPS_image_rsrcAMT.jpg
2025-12-06 09:12:29.076 19424-19467 ReaderPageFragment      com.rifters.riftedreader             D  [ASSET_LOADER] Intercepted request: https://appassets.androidplatform.net/epub-images/Hell%20Difficulty%20Tutorial%204_%20A%20LitRPG%20Adventure_nodrm/chapter_9/OEBPS_image_rsrcAMT.jpg
2025-12-06 09:12:29.169 19424-19424 ReaderPageFragment      com.rifters.riftedreader             D  [PAGINATION_DEBUG] onPageFinished fired: windowIndex=1, url=https://appassets.androidplatform.net/, webViewSize=1080x2232
2025-12-06 09:12:29.169 19424-19424 ReaderPageFragment      com.rifters.riftedreader             D  [PAGINATION_DEBUG] Configuring paginator: mode=WINDOW, windowIndex=1, chapterIndex=null, rootSelector=#window-root
2025-12-06 09:12:29.169 19424-19424 ReaderPageFragment      com.rifters.riftedreader             D  [PAGINATION_DEBUG] Initializing paginator with fontSize=16.0px
2025-12-06 09:12:29.171 19424-19424 ReaderPageFragment      com.rifters.riftedreader             D  [PAGINATION_DEBUG] onPaginationReady callback: windowIndex=1, totalPages=45, webViewSize=1080x2232, paginationMode=CONTINUOUS
2025-12-06 09:12:29.171 19424-19424 ReaderPageFragment      com.rifters.riftedreader             D  [PAGINATION_DEBUG] isPaginatorInitialized set to true for windowIndex=1
2025-12-06 09:12:29.171 19424-19424 ReaderPageFragment      com.rifters.riftedreader             D  [CHAPTER_METRICS] onPaginationReady: Chapter metrics available from ViewModel
2025-12-06 09:12:29.171 19424-19424 ContinuousPaginator     com.rifters.riftedreader             D  Updating chapter 0 page count: 8 -> 45
2025-12-06 09:12:29.171 19424-19424 ContinuousPaginator     com.rifters.riftedreader             D  Recalculating global page mapping
2025-12-06 09:12:29.171 19424-19424 ContinuousPaginator     com.rifters.riftedreader             D  Global page mapping complete: 142 total pages
2025-12-06 09:12:31.117 19424-19424 ReaderActivity          com.rifters.riftedreader             D  VOLUME_DOWN pressed: paginationMode=CONTINUOUS, index=1, fragTag=f1, fragFound=true [HARDWARE_KEY_NAV]
2025-12-06 09:12:31.117 19424-19424 ReaderPageFragment      com.rifters.riftedreader             D  handleHardwarePageKey ACCEPTED: windowIndex=1, launching navigation for isNext=true [EDGE_DEBUG]
2025-12-06 09:12:31.125 19424-19424 ReaderPageFragment      com.rifters.riftedreader             D  HARDWARE_KEY navigation: windowIndex=1, inPage=0/-1, paginationMode=CONTINUOUS, currentWindow=1, isNext=true [EDGE_AWARE_NAV]
2025-12-06 09:12:31.125 19424-19424 ReaderPageFragment      com.rifters.riftedreader             D  EDGE_HIT: last in-page (0/-1), requesting next window from window 1 [EDGE_FORWARD]
2025-12-06 09:12:31.130 19424-19424 ReaderPageFragment      com.rifters.riftedreader             D  [CHARACTER_OFFSET] Captured position: page=0/-1, offset=0
2025-12-06 09:12:31.130 19424-19424 ReaderViewModel         com.rifters.riftedreader             D  [CHARACTER_OFFSET] Updated position: windowIndex=1, pageInWindow=0, offset=0
2025-12-06 09:12:31.130 19424-19424 ReaderPageFragment      com.rifters.riftedreader             D  WINDOW_EXIT: windowIndex=1, direction=NEXT, target=2, totalWindows=20 [WINDOW_NAV]
2025-12-06 09:12:31.130 19424-19424 ReaderPageFragment      com.rifters.riftedreader             D  Calling ReaderActivity.navigateToNextPage() for window transition 1 -> 2 [HANDOFF_TO_ACTIVITY]
2025-12-06 09:12:31.131 19424-19424 ReaderActivity          com.rifters.riftedreader             D  navigateToNextPage (window mode): currentWindow=1 -> nextWindow=2, totalWindows=20, adapterItemCount=20, mode=PAGE [WINDOW_SWITCH_REASON:USER_TAP_OR_BUTTON]
2025-12-06 09:12:31.131 19424-19424 ReaderViewModel         com.rifters.riftedreader             D  goToWindow called: windowIndex=2, previousWindow=1, totalWindows=20, paginationMode=CONTINUOUS [WINDOW_NAV_REQUEST]
2025-12-06 09:12:31.131 19424-19424 ReaderViewModel         com.rifters.riftedreader             D  goToWindow: _currentWindowIndex updated from 1 to 2 [WINDOW_STATE_UPDATE]
2025-12-06 09:12:31.131 19424-19424 ReaderViewModel         com.rifters.riftedreader             D  goToWindow: triggering window preload for windowIndex=2 [PRELOAD_TRIGGER]
2025-12-06 09:12:31.131 19424-19424 WindowBufferManager     com.rifters.riftedreader             D  [PAGINATION_DEBUG] preloadWindow: window 2 already cached
2025-12-06 09:12:31.131 19424-19424 ReaderActivity          com.rifters.riftedreader             D  Programmatically scrolling RecyclerView to window 2 (user navigation), readerMode=PAGE [PROGRAMMATIC_WINDOW_CHANGE]
2025-12-06 09:12:31.131 19424-19424 ReaderActivity          com.rifters.riftedreader             D  Syncing RecyclerView to window index: 2
2025-12-06 09:12:31.131 19424-19424 ReaderActivity          com.rifters.riftedreader             D  setCurrentItem: position=2, smoothScroll=false, adapterItemCount=20, recyclerViewSize=1080x2400, layoutManagerInitialized=true [SCROLL_REQUEST]
2025-12-06 09:12:31.131 19424-19424 ReaderActivity          com.rifters.riftedreader             D  Initiating instant scroll to position 2 [INSTANT_SCROLL]
2025-12-06 09:12:31.131 19424-19424 ReaderViewModel         com.rifters.riftedreader             D  goToWindow: navigating to firstChapter=10 in window=2 (totalChapters=98, chaptersPerWindow=5) [CHAPTER_NAV]
2025-12-06 09:12:31.131 19424-19424 ContinuousPaginator     com.rifters.riftedreader             D  Loading window: chapters 8-12
2025-12-06 09:12:31.131 19424-19424 ContinuousPaginator     com.rifters.riftedreader             D  Skipping unload during initialization: loadedChapters.size=8 < 25
2025-12-06 09:12:31.131 19424-19424 ContinuousPaginator     com.rifters.riftedreader             D  Loading chapter 8
2025-12-06 09:12:31.139 19424-19424 ReaderPagerAdapter      com.rifters.riftedreader             D  [PAGINATION_DEBUG] onCreateViewHolder: parentWidth=1080, parentHeight=2400
2025-12-06 09:12:31.140 19424-19424 ReaderPagerAdapter      com.rifters.riftedreader             D  [PAGINATION_DEBUG] onBindViewHolder: position=2 (windowIndex), totalWindows=20, currentWindowIndex=2, containerWidth=0, containerHeight=0
2025-12-06 09:12:31.140 19424-19424 ReaderPagerAdapter      com.rifters.riftedreader             D  [PAGINATION_DEBUG] Fragment CREATING: position=2 (windowIndex=2), fragmentTag=f2, activeFragments=2
2025-12-06 09:12:31.144 19424-19424 ReaderPagerAdapter      com.rifters.riftedreader             D  [PAGINATION_DEBUG] Fragment COMMITTED: position=2, containerId=2131296510, activeFragments=3, fragmentTag=f2 [FRAGMENT_ADDED]
2025-12-06 09:12:31.147 19424-19512 HtmlDebugLogger         com.rifters.riftedreader             D  Logged chapter HTML to: book-Hell_Difficulty_Tutorial_4__A_LitRPG_Adventure_nod-chapter-8-20251206-091231-146.html (15904 bytes)
2025-12-06 09:12:31.151 19424-19424 ReaderViewModel         com.rifters.riftedreader             D  [PAGINATION_DEBUG] getWindowHtml called: windowIndex=2, mode=CONTINUOUS
2025-12-06 09:12:31.151 19424-19424 ReaderPageFragment      com.rifters.riftedreader             D  [ASSET_LOADER_INIT] root=/storage/emulated/0/Download/.image_cache domain=appassets.androidplatform.net prefix=/epub-images/
2025-12-06 09:12:31.152 19424-19424 ReaderPageFragment      com.rifters.riftedreader             D  setupWebViewSwipeHandling() called for page 2
2025-12-06 09:12:31.152 19424-19424 ReaderPageFragment      com.rifters.riftedreader             D  [CONTENT_LOAD] Continuous mode: directly rendering window 2 from buffer
2025-12-06 09:12:31.152 19424-19424 ReaderPageFragment      com.rifters.riftedreader             D  [PAGINATION_DEBUG] renderBaseContent called: windowIndex=2, hasHtml=true, htmlLength=27, paginationMode=CONTINUOUS
2025-12-06 09:12:31.152 19424-19424 ReaderPageFragment      com.rifters.riftedreader             D  [WINDOW_HTML] Requesting window HTML for windowIndex=2 [BEFORE_CALL]
2025-12-06 09:12:31.152 19424-19424 ReaderViewModel         com.rifters.riftedreader             D  [PAGINATION_DEBUG] getWindowHtml called: windowIndex=2, mode=CONTINUOUS
2025-12-06 09:12:31.153 19424-19424 WindowRenderingDebug    com.rifters.riftedreader             D  [DEBUG_WINDOW_BG] Applied BLUE overlay to window 2 (color=0x400000ff)
2025-12-06 09:12:31.154 19424-19424 ContinuousPaginator     com.rifters.riftedreader             D  Loaded chapter 8 with 1 pages
2025-12-06 09:12:31.155 19424-19424 ContinuousPaginator     com.rifters.riftedreader             D  Loading chapter 9
2025-12-06 09:12:31.165 19424-19512 Diagnostic              com.rifters.riftedreader             D  [Parser] Processing 1 images on page 9, contentDir='OEBPS'
2025-12-06 09:12:31.168 19424-19512 Diagnostic              com.rifters.riftedreader             D  [Parser] Processing image: src='image_rsrcAMT.jpg', tag=img, originalDim=nullxnull
2025-12-06 09:12:31.170 19424-19512 Diagnostic              com.rifters.riftedreader             D  [Parser] Injected dimensions: 1920x853 for image_rsrcAMT.jpg
2025-12-06 09:12:31.171 19424-19512 Diagnostic              com.rifters.riftedreader             D  [Parser] [IMAGE_CACHE] Attempting to cache: chapter=9, file=OEBPS_image_rsrcAMT.jpg, dir=/storage/emulated/0/Download/.image_cache/Hell Difficulty Tutorial 4_ A LitRPG Adventure_nodrm/chapter_9, dirExists=true
2025-12-06 09:12:31.174 19424-19512 Diagnostic              com.rifters.riftedreader             D  [Parser] [IMAGE_CACHE] Wrote image: path=/storage/emulated/0/Download/.image_cache/Hell Difficulty Tutorial 4_ A LitRPG Adventure_nodrm/chapter_9/OEBPS_image_rsrcAMT.jpg, exists=true, size=15016 bytes
2025-12-06 09:12:31.175 19424-19512 Diagnostic              com.rifters.riftedreader             D  [Parser] [IMAGE_CACHE] Generated asset URL: https://appassets.androidplatform.net/epub-images/Hell%20Difficulty%20Tutorial%204_%20A%20LitRPG%20Adventure_nodrm/chapter_9/OEBPS_image_rsrcAMT.jpg
2025-12-06 09:12:31.175 19424-19512 Diagnostic              com.rifters.riftedreader             D  [Parser] Image processed: image_rsrcAMT.jpg -> actualDim=1920x853, dimensionsInjected=true
2025-12-06 09:12:31.175 19424-19512 Diagnostic              com.rifters.riftedreader             I  [Parser] Image processing complete for page 9: total=1, success=1, failed=0, dimensionsInjected=1
2025-12-06 09:12:31.180 19424-19512 HtmlDebugLogger         com.rifters.riftedreader             D  Logged chapter HTML to: book-Hell_Difficulty_Tutorial_4__A_LitRPG_Adventure_nod-chapter-9-20251206-091231-179.html (20312 bytes)
2025-12-06 09:12:31.180 19424-19424 ContinuousPaginator     com.rifters.riftedreader             D  Loaded chapter 9 with 1 pages
2025-12-06 09:12:31.180 19424-19424 ContinuousPaginator     com.rifters.riftedreader             D  Loading chapter 10
2025-12-06 09:12:31.190 19424-19512 Diagnostic              com.rifters.riftedreader             D  [Parser] Processing 1 images on page 10, contentDir='OEBPS'
2025-12-06 09:12:31.193 19424-19512 Diagnostic              com.rifters.riftedreader             D  [Parser] Processing image: src='image_rsrcAMT.jpg', tag=img, originalDim=nullxnull
2025-12-06 09:12:31.193 19424-19512 Diagnostic              com.rifters.riftedreader             D  [Parser] Injected dimensions: 1920x853 for image_rsrcAMT.jpg
2025-12-06 09:12:31.194 19424-19512 Diagnostic              com.rifters.riftedreader             D  [Parser] [IMAGE_CACHE] Attempting to cache: chapter=10, file=OEBPS_image_rsrcAMT.jpg, dir=/storage/emulated/0/Download/.image_cache/Hell Difficulty Tutorial 4_ A LitRPG Adventure_nodrm/chapter_10, dirExists=true
2025-12-06 09:12:31.195 19424-19512 Diagnostic              com.rifters.riftedreader             D  [Parser] [IMAGE_CACHE] Wrote image: path=/storage/emulated/0/Download/.image_cache/Hell Difficulty Tutorial 4_ A LitRPG Adventure_nodrm/chapter_10/OEBPS_image_rsrcAMT.jpg, exists=true, size=15016 bytes
2025-12-06 09:12:31.196 19424-19512 Diagnostic              com.rifters.riftedreader             D  [Parser] [IMAGE_CACHE] Generated asset URL: https://appassets.androidplatform.net/epub-images/Hell%20Difficulty%20Tutorial%204_%20A%20LitRPG%20Adventure_nodrm/chapter_10/OEBPS_image_rsrcAMT.jpg
2025-12-06 09:12:31.196 19424-19512 Diagnostic              com.rifters.riftedreader             D  [Parser] Image processed: image_rsrcAMT.jpg -> actualDim=1920x853, dimensionsInjected=true
2025-12-06 09:12:31.196 19424-19512 Diagnostic              com.rifters.riftedreader             I  [Parser] Image processing complete for page 10: total=1, success=1, failed=0, dimensionsInjected=1
2025-12-06 09:12:31.199 19424-19512 HtmlDebugLogger         com.rifters.riftedreader             D  Logged chapter HTML to: book-Hell_Difficulty_Tutorial_4__A_LitRPG_Adventure_nod-chapter-10-20251206-091231-199.html (18004 bytes)
2025-12-06 09:12:31.200 19424-19424 ContinuousPaginator     com.rifters.riftedreader             D  Loaded chapter 10 with 1 pages
2025-12-06 09:12:31.200 19424-19424 ContinuousPaginator     com.rifters.riftedreader             D  Loading chapter 11
2025-12-06 09:12:31.208 19424-19512 Diagnostic              com.rifters.riftedreader             D  [Parser] Processing 1 images on page 11, contentDir='OEBPS'
2025-12-06 09:12:31.211 19424-19512 Diagnostic              com.rifters.riftedreader             D  [Parser] Processing image: src='image_rsrcAMT.jpg', tag=img, originalDim=nullxnull
2025-12-06 09:12:31.211 19424-19512 Diagnostic              com.rifters.riftedreader             D  [Parser] Injected dimensions: 1920x853 for image_rsrcAMT.jpg
2025-12-06 09:12:31.212 19424-19512 Diagnostic              com.rifters.riftedreader             D  [Parser] [IMAGE_CACHE] Attempting to cache: chapter=11, file=OEBPS_image_rsrcAMT.jpg, dir=/storage/emulated/0/Download/.image_cache/Hell Difficulty Tutorial 4_ A LitRPG Adventure_nodrm/chapter_11, dirExists=true
2025-12-06 09:12:31.214 19424-19512 Diagnostic              com.rifters.riftedreader             D  [Parser] [IMAGE_CACHE] Wrote image: path=/storage/emulated/0/Download/.image_cache/Hell Difficulty Tutorial 4_ A LitRPG Adventure_nodrm/chapter_11/OEBPS_image_rsrcAMT.jpg, exists=true, size=15016 bytes
2025-12-06 09:12:31.214 19424-19512 Diagnostic              com.rifters.riftedreader             D  [Parser] [IMAGE_CACHE] Generated asset URL: https://appassets.androidplatform.net/epub-images/Hell%20Difficulty%20Tutorial%204_%20A%20LitRPG%20Adventure_nodrm/chapter_11/OEBPS_image_rsrcAMT.jpg
2025-12-06 09:12:31.214 19424-19512 Diagnostic              com.rifters.riftedreader             D  [Parser] Image processed: image_rsrcAMT.jpg -> actualDim=1920x853, dimensionsInjected=true
2025-12-06 09:12:31.214 19424-19512 Diagnostic              com.rifters.riftedreader             I  [Parser] Image processing complete for page 11: total=1, success=1, failed=0, dimensionsInjected=1
2025-12-06 09:12:31.218 19424-19512 HtmlDebugLogger         com.rifters.riftedreader             D  Logged chapter HTML to: book-Hell_Difficulty_Tutorial_4__A_LitRPG_Adventure_nod-chapter-11-20251206-091231-217.html (15678 bytes)
2025-12-06 09:12:31.218 19424-19424 ContinuousPaginator     com.rifters.riftedreader             D  Loaded chapter 11 with 1 pages
2025-12-06 09:12:31.218 19424-19424 ContinuousPaginator     com.rifters.riftedreader             D  Loading chapter 12
2025-12-06 09:12:31.227 19424-19512 Diagnostic              com.rifters.riftedreader             D  [Parser] Processing 4 images on page 12, contentDir='OEBPS'
2025-12-06 09:12:31.230 19424-19512 Diagnostic              com.rifters.riftedreader             D  [Parser] Processing image: src='image_rsrcAMT.jpg', tag=img, originalDim=nullxnull
2025-12-06 09:12:31.230 19424-19512 Diagnostic              com.rifters.riftedreader             D  [Parser] Injected dimensions: 1920x853 for image_rsrcAMT.jpg
