---------------------------- PROCESS STARTED (19424) for package com.rifters.riftedreader ----------------------------
2025-12-06 09:12:14.096 19424-19424 ApplicationLoaders      com.rifters.riftedreader             D  Returning zygote-cached class loader: /system_ext/framework/androidx.window.extensions.jar
2025-12-06 09:12:14.096 19424-19424 ApplicationLoaders      com.rifters.riftedreader             D  Returning zygote-cached class loader: /system_ext/framework/androidx.window.sidecar.jar
2025-12-06 09:12:14.224 19424-19424 CompatChangeReporter    com.rifters.riftedreader             D  Compat change id reported: 202956589; UID 10223; state: ENABLED
2025-12-06 09:12:14.245 19424-19424 ActivityThread          com.rifters.riftedreader             W  Application com.rifters.riftedreader is suspending. Debugger needs to resume to continue.
2025-12-06 09:12:14.245 19424-19424 System.out              com.rifters.riftedreader             I  Sending WAIT chunk
2025-12-06 09:12:14.245 19424-19424 System.out              com.rifters.riftedreader             I  Waiting for debugger first packet
2025-12-06 09:12:14.449 19424-19424 System.out              com.rifters.riftedreader             I  Debug.suspendAllAndSentVmStart
2025-12-06 09:12:14.688 19424-19424 System.out              com.rifters.riftedreader             I  Debug.suspendAllAndSendVmStart, resumed
2025-12-06 09:12:14.851 19424-19424 WebViewFactory          com.rifters.riftedreader             I  Loading com.google.android.webview version 142.0.7444.171 (code 744417138)
2025-12-06 09:12:14.853 19424-19424 ResourcesManager        com.rifters.riftedreader             V  The following library key has been added: ResourcesKey{ mHash=725374bb mResDir=null mSplitDirs=[] mOverlayDirs=[] mLibDirs=[/data/app/~~5bCwz9b337UVI3VH4bc8Bw==/com.google.android.webview-vMma3PoWakaB8rS7BLltgw==/base.apk,/data/app/~~jcibhri5WMe71QuZ3Dca3w==/com.google.android.trichromelibrary_744417138-oEL8muGNO0F9BW_DqtizmQ==/base.apk,/system_ext/framework/androidx.window.extensions.jar] mDisplayId=0 mOverrideConfig=v36 mCompatInfo={420dpi always-compat} mLoaders=[]}
2025-12-06 09:12:14.856 19424-19424 ApplicationLoaders      com.rifters.riftedreader             D  Returning zygote-cached class loader: /system_ext/framework/androidx.window.extensions.jar
2025-12-06 09:12:14.949 19424-19424 cr_WVCFactoryProvider   com.rifters.riftedreader             I  version=142.0.7444.171 (744417138) minSdkVersion=29 multiprocess=true packageId=2 splits=<none>
2025-12-06 09:12:14.951 19424-19424 DesktopExperienceFlags  com.rifters.riftedreader             D  Toggle override initialized to: false
2025-12-06 09:12:15.012 19424-19424 cr_LibraryLoader        com.rifters.riftedreader             I  Successfully loaded native library
2025-12-06 09:12:15.016 19424-19424 cr_CachingUmaRecorder   com.rifters.riftedreader             I  Flushed 19 samples from 19 histograms, 0 samples were dropped.
2025-12-06 09:12:15.027 19424-19424 cr_CombinedPProvider    com.rifters.riftedreader             I  #registerProvider() provider:WV.hk@dcd06e3 isPolicyCacheEnabled:false policyProvidersSize:0
2025-12-06 09:12:15.029 19424-19424 cr_PolicyProvider       com.rifters.riftedreader             I  #setManagerAndSource() 0
2025-12-06 09:12:15.044 19424-19424 DesktopModeFlags        com.rifters.riftedreader             D  Toggle override initialized to: OVERRIDE_UNSET
2025-12-06 09:12:15.054 19424-19424 DisplayManager          com.rifters.riftedreader             I  Implicitly registering for refresh rate
2025-12-06 09:12:15.101 19424-19424 cr_CombinedPProvider    com.rifters.riftedreader             I  #linkNativeInternal() 1
2025-12-06 09:12:15.102 19424-19424 cr_AppResProvider       com.rifters.riftedreader             I  #getApplicationRestrictionsFromUserManager() Bundle[EMPTY_PARCEL]
2025-12-06 09:12:15.102 19424-19424 cr_PolicyProvider       com.rifters.riftedreader             I  #notifySettingsAvailable() 0
2025-12-06 09:12:15.102 19424-19424 cr_CombinedPProvider    com.rifters.riftedreader             I  #onSettingsAvailable() 0
2025-12-06 09:12:15.102 19424-19424 cr_CombinedPProvider    com.rifters.riftedreader             I  #flushPolicies()
2025-12-06 09:12:15.265 19424-19424 HtmlDebugLogger         com.rifters.riftedreader             D  HtmlDebugLogger initialized. Logs will be saved to: /storage/emulated/0/Android/data/com.rifters.riftedreader/files/logs
2025-12-06 09:12:15.284 19424-19424 Choreographer           com.rifters.riftedreader             I  Skipped 33 frames!  The application may be doing too much work on its main thread.
2025-12-06 09:12:15.285 19424-19487 CameraManagerGlobal     com.rifters.riftedreader             I  Connecting to camera service
2025-12-06 09:12:15.351 19424-19490 GFXSTREAM               com.rifters.riftedreader             I  [eglDisplay.cpp(297)] Opening libGLESv1_CM_emulation.so
2025-12-06 09:12:15.352 19424-19490 GFXSTREAM               com.rifters.riftedreader             I  [eglDisplay.cpp(297)] Opening libGLESv2_emulation.so
2025-12-06 09:12:15.358 19424-19490 HWUI                    com.rifters.riftedreader             W  Failed to choose config with EGL_SWAP_BEHAVIOR_PRESERVED, retrying without...
2025-12-06 09:12:15.358 19424-19490 HWUI                    com.rifters.riftedreader             W  Failed to initialize 101010-2 format, error = EGL_SUCCESS
2025-12-06 09:12:15.406 19424-19424 AppCompatDelegate       com.rifters.riftedreader             D  Checking for metadata for AppLocalesMetadataHolderService : Service not found
2025-12-06 09:12:15.415 19424-19424 ashmem                  com.rifters.riftedreader             E  Pinning is deprecated since Android Q. Please use trim or other methods.
2025-12-06 09:12:15.724 19424-19424 CompatChangeReporter    com.rifters.riftedreader             D  Compat change id reported: 309578419; UID 10223; state: ENABLED
2025-12-06 09:12:15.811 19424-19424 HWUI                    com.rifters.riftedreader             I  Using FreeType backend (prop=Auto)
2025-12-06 09:12:15.874 19424-19424 CompatChangeReporter    com.rifters.riftedreader             D  Compat change id reported: 303326708; UID 10223; state: ENABLED
2025-12-06 09:12:16.248 19424-19424 CompatChangeReporter    com.rifters.riftedreader             D  Compat change id reported: 349153669; UID 10223; state: ENABLED
2025-12-06 09:12:16.250 19424-19424 HWUI                    com.rifters.riftedreader             W  Unknown dataspace 0
2025-12-06 09:12:16.331 19424-19424 CompatChangeReporter    com.rifters.riftedreader             D  Compat change id reported: 270674727; UID 10223; state: ENABLED
2025-12-06 09:12:16.354 19424-19424 VRI[MainActivity]       com.rifters.riftedreader             D  WindowInsets changed: 1080x2400 statusBars:[0,63,0,0] navigationBars:[0,0,0,63] mandatorySystemGestures:[0,63,0,84] 
2025-12-06 09:12:17.421 19424-19505 SurfaceSyncGroup        com.rifters.riftedreader             E  Failed to receive transaction ready in 1000ms. Marking SurfaceSyncGroup(wmsSync-VRI[MainActivity]#0) as ready
2025-12-06 09:12:17.421 19424-19505 SurfaceSyncGroup        com.rifters.riftedreader             E  Failed to receive transaction ready in 1000ms. Marking SurfaceSyncGroup(VRI[MainActivity]#1) as ready
2025-12-06 09:12:18.637 19424-19424 Choreographer           com.rifters.riftedreader             I  Skipped 136 frames!  The application may be doing too much work on its main thread.
2025-12-06 09:12:18.678 19424-19436 HWUI                    com.rifters.riftedreader             I  Davey! duration=2329ms; Flags=1, FrameTimelineVsyncId=143654, IntendedVsync=29346289553770, Vsync=29346356220434, InputEventId=0, HandleInputStart=29346358430100, AnimationStart=29346358458300, PerformTraversalsStart=29346358518800, DrawStart=29348358030300, FrameDeadline=29346306220436, FrameStartTime=29346358399200, FrameInterval=16666666, WorkloadTarget=16666666, SyncQueued=29348380809900, SyncStart=29348401630500, IssueDrawCommandsStart=29348401923300, SwapBuffers=29348600641100, FrameCompleted=29348639931600, DequeueBufferDuration=14000, QueueBufferDuration=436800, GpuCompleted=29348639931600, SwapBuffersCompleted=29348620450400, DisplayPresentTime=0, CommandSubmissionCompleted=29348600641100, 
2025-12-06 09:12:18.799 19424-19436 HWUI                    com.rifters.riftedreader             I  Davey! duration=2434ms; Flags=0, FrameTimelineVsyncId=143677, IntendedVsync=29346372887100, Vsync=29348639553540, InputEventId=0, HandleInputStart=29348655825300, AnimationStart=29348655884400, PerformTraversalsStart=29348656415500, DrawStart=29348792634000, FrameDeadline=29348672887008, FrameStartTime=29348655295100, FrameInterval=16666665, WorkloadTarget=16666666, SyncQueued=29348802701100, SyncStart=29348802797300, IssueDrawCommandsStart=29348802922400, SwapBuffers=29348804990500, FrameCompleted=29348807087600, DequeueBufferDuration=14100, QueueBufferDuration=116900, GpuCompleted=29348807087600, SwapBuffersCompleted=29348805508000, DisplayPresentTime=0, CommandSubmissionCompleted=29348804990500, 
2025-12-06 09:12:18.809 19424-19424 InsetsController        com.rifters.riftedreader             D  hide(ime())
2025-12-06 09:12:18.809 19424-19424 ImeTracker              com.rifters.riftedreader             I  com.rifters.riftedreader:75fac86: onCancelled at PHASE_CLIENT_ALREADY_HIDDEN
2025-12-06 09:12:18.947 19424-19519 HWUI                    com.rifters.riftedreader             W  Failed to choose config with EGL_SWAP_BEHAVIOR_PRESERVED, retrying without...
2025-12-06 09:12:18.947 19424-19519 HWUI                    com.rifters.riftedreader             W  Failed to initialize 101010-2 format, error = EGL_SUCCESS
2025-12-06 09:12:20.783 19424-19520 ProfileInstaller        com.rifters.riftedreader             D  Installing profile for com.rifters.riftedreader
2025-12-06 09:12:23.567 19424-19424 ReaderActivity          com.rifters.riftedreader             D  Opening book: Hell Difficulty Tutorial 4: A LitRPG Adventure at path: /storage/emulated/0/Download/Hell Difficulty Tutorial 4_ A LitRPG Adventure_nodrm.epub
2025-12-06 09:12:23.582 19424-19424 ReaderActivity          com.rifters.riftedreader             D  Parser loaded: EpubParser
2025-12-06 09:12:23.593 19424-19424 SlidingWindowPaginator  com.rifters.riftedreader             D  [PAGINATION_DEBUG] SlidingWindowPaginator (pagination pkg) created with chaptersPerWindow=5
2025-12-06 09:12:23.598 19424-19424 ReaderViewModel         com.rifters.riftedreader             D  [PAGINATION_DEBUG] init: bookId=74560396-98ae-4fa4-a165-6173cb016654, paginationMode=CONTINUOUS
2025-12-06 09:12:23.598 19424-19424 ReaderViewModel         com.rifters.riftedreader             D  [PAGINATION_DEBUG] Starting continuous mode initialization
2025-12-06 09:12:23.598 19424-19424 PaginationModeGuard     com.rifters.riftedreader             D  [PAGINATION_DEBUG] Window build STARTED: mode=UNKNOWN, timestamp=1765030343598, nestingLevel=1
2025-12-06 09:12:23.598 19424-19424 ReaderViewModel         com.rifters.riftedreader             D  [PAGINATION_DEBUG] Initializing continuous pagination for book=74560396-98ae-4fa4-a165-6173cb016654
2025-12-06 09:12:23.603 19424-19424 ContinuousPaginator     com.rifters.riftedreader             D  Initializing ContinuousPaginator
2025-12-06 09:12:23.608 19424-19424 ReaderViewModel         com.rifters.riftedreader             D  [VISIBILITY] Settings changed: cover=false, frontMatter=true, nonLinear=false
2025-12-06 09:12:23.608 19424-19424 ChapterIndexProvider    com.rifters.riftedreader             W  [Pagination] Cannot update visibility - no chapters loaded
2025-12-06 09:12:23.608 19424-19424 ReaderActivity          com.rifters.riftedreader             D  [STARTUP_ASSERT] Initial paginationMode=CONTINUOUS, windowCount=0, totalPages=0, bookId=74560396-98ae-4fa4-a165-6173cb016654
2025-12-06 09:12:23.616 19424-19424 ReaderPagerAdapter      com.rifters.riftedreader             D  [PAGINATION_DEBUG] Adapter initialized: paginationMode=CONTINUOUS, chaptersPerWindow=5
2025-12-06 09:12:23.619 19424-19424 ReaderActivity          com.rifters.riftedreader             D  [BUFFER_SYNC] ENTRY: syncRecyclerViewToInitialBufferWindow() called
2025-12-06 09:12:23.642 19424-19424 ReaderActivity          com.rifters.riftedreader             D  [TTS_STATUS_CHANGE] state=IDLE sentenceIndex=-1 sentenceTotal=0 currentPage=0 autoContinueTts=false pendingTtsResume=false
2025-12-06 09:12:23.642 19424-19424 ReaderActivity          com.rifters.riftedreader             D  [TTS_STATE_IDLE] Setting autoContinueTts=false, pendingTtsResume=false
2025-12-06 09:12:23.644 19424-19424 ReaderPagerAdapter      com.rifters.riftedreader             W  [PAGINATION_DEBUG] WARNING: getItemCount=0 - book content may not have loaded or pagination failed
2025-12-06 09:12:23.644 19424-19424 ReaderActivity          com.rifters.riftedreader             D  [PAGINATION_DEBUG] windowCount.collect triggered: windowCount=0, visibleChapters=0, spineAll=0, chaptersPerWindow=5, adapterItemCount=0, paginationMode=CONTINUOUS
2025-12-06 09:12:23.644 19424-19424 ReaderActivity          com.rifters.riftedreader             D  [PAGINATION_DEBUG] RecyclerView state: width=0, measuredWidth=0, height=0, isMeasured=false
2025-12-06 09:12:23.644 19424-19424 ReaderPagerAdapter      com.rifters.riftedreader             W  [PAGINATION_DEBUG] WARNING: getItemCount=0 - book content may not have loaded or pagination failed
2025-12-06 09:12:23.645 19424-19424 ReaderActivity          com.rifters.riftedreader             D  [PAGINATION_DEBUG] Adapter updated: itemCount=0->0, windowCount=0
2025-12-06 09:12:23.645 19424-19424 ReaderPagerAdapter      com.rifters.riftedreader             W  [PAGINATION_DEBUG] WARNING: getItemCount=0 - book content may not have loaded or pagination failed
2025-12-06 09:12:23.645 19424-19424 ReaderPagerAdapter      com.rifters.riftedreader             D  [PAGINATION_DEBUG] Adapter state after update (caller=windowCount.collect): itemCount=0, windowCount=0, paginationMode=CONTINUOUS, chaptersPerWindow=5, activeFragments=0
2025-12-06 09:12:23.649 19424-19424 ReaderActivity          com.rifters.riftedreader             D  Reader settings applied: mode=PAGE, paginationMode=CONTINUOUS, continuousStreaming=true [SETTINGS_APPLIED]
2025-12-06 09:12:23.709 19424-19424 InsetsController        com.rifters.riftedreader             D  Setting requestedVisibleTypes to 498 (was 503)
2025-12-06 09:12:23.731 19424-19424 VRI[ReaderActivity]     com.rifters.riftedreader             D  WindowInsets changed: 1080x2400 statusBars:[0,63,0,0] navigationBars:[0,0,0,63] mandatorySystemGestures:[0,63,0,84] 
2025-12-06 09:12:23.745 19424-19424 VRI[ReaderActivity]     com.rifters.riftedreader             D  WindowInsets changed: statusBars:null 
2025-12-06 09:12:23.824 19424-19424 ReaderActivity          com.rifters.riftedreader             D  RecyclerView visible for paginationMode=CONTINUOUS, readerMode=PAGE
2025-12-06 09:12:23.824 19424-19424 ContinuousPaginator     com.rifters.riftedreader             D  Total chapters: 98
2025-12-06 09:12:23.826 19424-19424 ContinuousPaginator     com.rifters.riftedreader             D  Initialized 98 chapter metadata entries
2025-12-06 09:12:23.829 19424-19424 ReaderViewModel         com.rifters.riftedreader             D  [PAGINATION_DEBUG] Book info: startChapter=0, startInPage=0
2025-12-06 09:12:23.830 19424-19424 ContinuousPaginator     com.rifters.riftedreader             D  Loading initial window centered on chapter 0
2025-12-06 09:12:23.830 19424-19424 ContinuousPaginator     com.rifters.riftedreader             D  Loading window: chapters 0-4
2025-12-06 09:12:23.830 19424-19424 ContinuousPaginator     com.rifters.riftedreader             D  Skipping unload during initialization: loadedChapters.size=0 < 25
2025-12-06 09:12:23.830 19424-19424 ContinuousPaginator     com.rifters.riftedreader             D  Loading chapter 0
2025-12-06 09:12:23.839 19424-19424 ReaderPagerAdapter      com.rifters.riftedreader             W  [PAGINATION_DEBUG] WARNING: getItemCount=0 - book content may not have loaded or pagination failed
2025-12-06 09:12:23.839 19424-19424 ReaderPagerAdapter      com.rifters.riftedreader             W  [PAGINATION_DEBUG] WARNING: getItemCount=0 - book content may not have loaded or pagination failed
2025-12-06 09:12:23.839 19424-19424 ReaderPagerAdapter      com.rifters.riftedreader             W  [PAGINATION_DEBUG] WARNING: getItemCount=0 - book content may not have loaded or pagination failed
2025-12-06 09:12:23.839 19424-19424 ReaderActivity          com.rifters.riftedreader             D  [PAGINATION_DEBUG] RecyclerView layout changed: width=1080 (was 0), height=2400 (was 0), adapterItemCount=0, windowCount=0
2025-12-06 09:12:23.839 19424-19424 ReaderActivity          com.rifters.riftedreader             D  [PAGINATION_DEBUG] RecyclerView measured and ready: 1080x2400
2025-12-06 09:12:23.856 19424-19512 Diagnostic              com.rifters.riftedreader             D  [Parser] Processing 1 images on page 0, contentDir='OEBPS'
2025-12-06 09:12:23.861 19424-19512 Diagnostic              com.rifters.riftedreader             D  [Parser] Processing image: src='image_rsrcAMR.jpg', tag=image, originalDim=1358x1920
2025-12-06 09:12:23.874 19424-19512 CompatChangeReporter    com.rifters.riftedreader             D  Compat change id reported: 312399441; UID 10223; state: ENABLED
2025-12-06 09:12:23.880 19424-19512 Diagnostic              com.rifters.riftedreader             D  [Parser] [IMAGE_CACHE] Attempting to cache: chapter=0, file=OEBPS_image_rsrcAMR.jpg, dir=/storage/emulated/0/Download/.image_cache/Hell Difficulty Tutorial 4_ A LitRPG Adventure_nodrm/chapter_0, dirExists=true
2025-12-06 09:12:24.002 19424-19424 InsetsController        com.rifters.riftedreader             D  hide(ime())
2025-12-06 09:12:24.002 19424-19424 ImeTracker              com.rifters.riftedreader             I  com.rifters.riftedreader:fc324d31: onCancelled at PHASE_CLIENT_ALREADY_HIDDEN
2025-12-06 09:12:24.003 19424-19424 ReaderViewModel         com.rifters.riftedreader             D  [PAGINATION_DEBUG] Loaded TOC: 97 entries
2025-12-06 09:12:24.235 19424-19512 Diagnostic              com.rifters.riftedreader             D  [Parser] [IMAGE_CACHE] Wrote image: path=/storage/emulated/0/Download/.image_cache/Hell Difficulty Tutorial 4_ A LitRPG Adventure_nodrm/chapter_0/OEBPS_image_rsrcAMR.jpg, exists=true, size=1574734 bytes
2025-12-06 09:12:24.237 19424-19512 Diagnostic              com.rifters.riftedreader             D  [Parser] [IMAGE_CACHE] Generated asset URL: https://appassets.androidplatform.net/epub-images/Hell%20Difficulty%20Tutorial%204_%20A%20LitRPG%20Adventure_nodrm/chapter_0/OEBPS_image_rsrcAMR.jpg
2025-12-06 09:12:24.237 19424-19512 Diagnostic              com.rifters.riftedreader             D  [Parser] Image processed: image_rsrcAMR.jpg -> actualDim=1358x1920, dimensionsInjected=false
2025-12-06 09:12:24.246 19424-19524 InteractionJankMonitor  com.rifters.riftedreader             W  Initializing without READ_DEVICE_CONFIG permission. enabled=false, interval=1, missedFrameThreshold=3, frameTimeThreshold=64, package=com.rifters.riftedreader
2025-12-06 09:12:24.247 19424-19512 Diagnostic              com.rifters.riftedreader             I  [Parser] Image processing complete for page 0: total=1, success=1, failed=0, dimensionsInjected=0
2025-12-06 09:12:24.255 19424-19512 HtmlDebugLogger         com.rifters.riftedreader             D  Logged chapter HTML to: book-Hell_Difficulty_Tutorial_4__A_LitRPG_Adventure_nod-chapter-0-20251206-091224-249.html (1587 bytes)
2025-12-06 09:12:24.258 19424-19424 ContinuousPaginator     com.rifters.riftedreader             D  Loaded chapter 0 with 1 pages
2025-12-06 09:12:24.258 19424-19424 ContinuousPaginator     com.rifters.riftedreader             D  Loading chapter 1
2025-12-06 09:12:24.268 19424-19512 Diagnostic              com.rifters.riftedreader             D  [Parser] Processing 1 images on page 1, contentDir='OEBPS'
2025-12-06 09:12:24.270 19424-19512 Diagnostic              com.rifters.riftedreader             D  [Parser] Processing image: src='image_rsrcAMS.jpg', tag=img, originalDim=nullxnull
2025-12-06 09:12:24.271 19424-19512 Diagnostic              com.rifters.riftedreader             D  [Parser] Injected dimensions: 1200x1842 for image_rsrcAMS.jpg
2025-12-06 09:12:24.273 19424-19512 Diagnostic              com.rifters.riftedreader             D  [Parser] [IMAGE_CACHE] Attempting to cache: chapter=1, file=OEBPS_image_rsrcAMS.jpg, dir=/storage/emulated/0/Download/.image_cache/Hell Difficulty Tutorial 4_ A LitRPG Adventure_nodrm/chapter_1, dirExists=true
2025-12-06 09:12:24.285 19424-19512 Diagnostic              com.rifters.riftedreader             D  [Parser] [IMAGE_CACHE] Wrote image: path=/storage/emulated/0/Download/.image_cache/Hell Difficulty Tutorial 4_ A LitRPG Adventure_nodrm/chapter_1/OEBPS_image_rsrcAMS.jpg, exists=true, size=114475 bytes
2025-12-06 09:12:24.286 19424-19512 Diagnostic              com.rifters.riftedreader             D  [Parser] [IMAGE_CACHE] Generated asset URL: https://appassets.androidplatform.net/epub-images/Hell%20Difficulty%20Tutorial%204_%20A%20LitRPG%20Adventure_nodrm/chapter_1/OEBPS_image_rsrcAMS.jpg
2025-12-06 09:12:24.286 19424-19512 Diagnostic              com.rifters.riftedreader             D  [Parser] Image processed: image_rsrcAMS.jpg -> actualDim=1200x1842, dimensionsInjected=true
2025-12-06 09:12:24.286 19424-19512 Diagnostic              com.rifters.riftedreader             I  [Parser] Image processing complete for page 1: total=1, success=1, failed=0, dimensionsInjected=1
2025-12-06 09:12:24.288 19424-19512 HtmlDebugLogger         com.rifters.riftedreader             D  Logged chapter HTML to: book-Hell_Difficulty_Tutorial_4__A_LitRPG_Adventure_nod-chapter-1-20251206-091224-287.html (1374 bytes)
2025-12-06 09:12:24.288 19424-19424 ContinuousPaginator     com.rifters.riftedreader             D  Loaded chapter 1 with 1 pages
2025-12-06 09:12:24.288 19424-19424 ContinuousPaginator     com.rifters.riftedreader             D  Loading chapter 2
2025-12-06 09:12:24.304 19424-19512 HtmlDebugLogger         com.rifters.riftedreader             D  Logged chapter HTML to: book-Hell_Difficulty_Tutorial_4__A_LitRPG_Adventure_nod-chapter-2-20251206-091224-303.html (2741 bytes)
2025-12-06 09:12:24.304 19424-19424 ContinuousPaginator     com.rifters.riftedreader             D  Loaded chapter 2 with 1 pages
2025-12-06 09:12:24.304 19424-19424 ContinuousPaginator     com.rifters.riftedreader             D  Loading chapter 3
2025-12-06 09:12:24.311 19424-19424 VRI[MainActivity]       com.rifters.riftedreader             D  visibilityChanged oldVisibility=true newVisibility=false
2025-12-06 09:12:24.318 19424-19512 Diagnostic              com.rifters.riftedreader             D  [Parser] Processing 1 images on page 3, contentDir='OEBPS'
2025-12-06 09:12:24.320 19424-19512 Diagnostic              com.rifters.riftedreader             D  [Parser] Processing image: src='image_rsrcAMT.jpg', tag=img, originalDim=nullxnull
2025-12-06 09:12:24.320 19424-19512 Diagnostic              com.rifters.riftedreader             D  [Parser] Injected dimensions: 1920x853 for image_rsrcAMT.jpg
2025-12-06 09:12:24.322 19424-19512 Diagnostic              com.rifters.riftedreader             D  [Parser] [IMAGE_CACHE] Attempting to cache: chapter=3, file=OEBPS_image_rsrcAMT.jpg, dir=/storage/emulated/0/Download/.image_cache/Hell Difficulty Tutorial 4_ A LitRPG Adventure_nodrm/chapter_3, dirExists=true
2025-12-06 09:12:24.333 19424-19512 Diagnostic              com.rifters.riftedreader             D  [Parser] [IMAGE_CACHE] Wrote image: path=/storage/emulated/0/Download/.image_cache/Hell Difficulty Tutorial 4_ A LitRPG Adventure_nodrm/chapter_3/OEBPS_image_rsrcAMT.jpg, exists=true, size=15016 bytes
2025-12-06 09:12:24.333 19424-19512 Diagnostic              com.rifters.riftedreader             D  [Parser] [IMAGE_CACHE] Generated asset URL: https://appassets.androidplatform.net/epub-images/Hell%20Difficulty%20Tutorial%204_%20A%20LitRPG%20Adventure_nodrm/chapter_3/OEBPS_image_rsrcAMT.jpg
2025-12-06 09:12:24.333 19424-19512 Diagnostic              com.rifters.riftedreader             D  [Parser] Image processed: image_rsrcAMT.jpg -> actualDim=1920x853, dimensionsInjected=true
2025-12-06 09:12:24.333 19424-19512 Diagnostic              com.rifters.riftedreader             I  [Parser] Image processing complete for page 3: total=1, success=1, failed=0, dimensionsInjected=1
2025-12-06 09:12:24.339 19424-19512 HtmlDebugLogger         com.rifters.riftedreader             D  Logged chapter HTML to: book-Hell_Difficulty_Tutorial_4__A_LitRPG_Adventure_nod-chapter-3-20251206-091224-338.html (3119 bytes)
2025-12-06 09:12:24.362 19424-19424 ContinuousPaginator     com.rifters.riftedreader             D  Loaded chapter 3 with 1 pages
2025-12-06 09:12:24.362 19424-19424 ContinuousPaginator     com.rifters.riftedreader             D  Loading chapter 4
2025-12-06 09:12:24.394 19424-19512 HtmlDebugLogger         com.rifters.riftedreader             D  Logged chapter HTML to: book-Hell_Difficulty_Tutorial_4__A_LitRPG_Adventure_nod-chapter-4-20251206-091224-394.html (12406 bytes)
2025-12-06 09:12:24.395 19424-19424 ContinuousPaginator     com.rifters.riftedreader             D  Loaded chapter 4 with 1 pages
2025-12-06 09:12:24.396 19424-19424 HtmlDebugLogger         com.rifters.riftedreader             D  Logged window HTML to: book-Hell_Difficulty_Tutorial_4__A_LitRPG_Adventure_nod-window-0-20251206-091224-395.html (20140 bytes)
2025-12-06 09:12:24.396 19424-19424 ContinuousPaginator     com.rifters.riftedreader             D  Recalculating global page mapping
2025-12-06 09:12:24.397 19424-19424 ContinuousPaginator     com.rifters.riftedreader             D  Global page mapping complete: 98 total pages
2025-12-06 09:12:24.401 19424-19424 ReaderViewModel         com.rifters.riftedreader             D  [PAGINATION_DEBUG] WindowInfo: totalChapters=98, totalGlobalPages=98
2025-12-06 09:12:24.401 19424-19424 SlidingWindowPaginator  com.rifters.riftedreader             D  [PAGINATION_DEBUG] recomputeWindows: totalChapters=0->98, chaptersPerWindow=5, windowCount=0->20
2025-12-06 09:12:24.401 19424-19424 SlidingWindowPaginator  com.rifters.riftedreader             D  [PAGINATION_DEBUG] Window map: WindowMap[total=98, perWindow=5, count=20]: W0=[0-4](5), W1=[5-9](5), W2=[10-14](5), W3=[15-19](5), W4=[20-24](5), W5=[25-29](5), W6=[30-34](5), W7=[35-39](5), W8=[40-44](5), W9=[45-49](5), W10=[50-54](5), W11=[55-59](5), W12=[60-64](5), W13=[65-69](5), W14=[70-74](5), W15=[75-79](5), W16=[80-84](5), W17=[85-89](5), W18=[90-94](5), W19=[95-97](3)
2025-12-06 09:12:24.402 19424-19424 ReaderPagerAdapter      com.rifters.riftedreader             D  [PAGINATION_DEBUG] getItemCount CHANGED: 0 -> 20 windows, paginationMode=CONTINUOUS, chaptersPerWindow=5
2025-12-06 09:12:24.402 19424-19424 ReaderActivity          com.rifters.riftedreader             D  [PAGINATION_DEBUG] windowCount.collect triggered: windowCount=20, visibleChapters=0, spineAll=0, chaptersPerWindow=5, adapterItemCount=20, paginationMode=CONTINUOUS
2025-12-06 09:12:24.402 19424-19424 ReaderActivity          com.rifters.riftedreader             D  [PAGINATION_DEBUG] RecyclerView state: width=1080, measuredWidth=1080, height=2400, isMeasured=true
2025-12-06 09:12:24.402 19424-19424 ReaderActivity          com.rifters.riftedreader             D  [PAGINATION_DEBUG] Adapter updated: itemCount=20->20, windowCount=20
2025-12-06 09:12:24.402 19424-19424 ReaderPagerAdapter      com.rifters.riftedreader             D  [PAGINATION_DEBUG] Adapter state after update (caller=windowCount.collect): itemCount=20, windowCount=20, paginationMode=CONTINUOUS, chaptersPerWindow=5, activeFragments=0
2025-12-06 09:12:24.402 19424-19424 ReaderPagerAdapter      com.rifters.riftedreader             D  [PAGINATION_DEBUG] Adapter has 20 windows ready for display (each with 5 chapters)
2025-12-06 09:12:24.402 19424-19424 ReaderViewModel         com.rifters.riftedreader             D  [PAGINATION_DEBUG] Window computation: totalChapters=98, chaptersPerWindow=5, computedWindowCount=20
2025-12-06 09:12:24.402 19424-19424 ReaderViewModel         com.rifters.riftedreader             D  [WINDOW_BUILD] WindowMap[total=98, perWindow=5, count=20]: W0=[0-4](5), W1=[5-9](5), W2=[10-14](5), W3=[15-19](5), W4=[20-24](5), W5=[25-29](5), W6=[30-34](5), W7=[35-39](5), W8=[40-44](5), W9=[45-49](5), W10=[50-54](5), W11=[55-59](5), W12=[60-64](5), W13=[65-69](5), W14=[70-74](5), W15=[75-79](5), W16=[80-84](5), W17=[85-89](5), W18=[90-94](5), W19=[95-97](3)
2025-12-06 09:12:24.402 19424-19424 SlidingWindowPaginator  com.rifters.riftedreader             D  [PAGINATION_DEBUG] getWindowForChapter: chapterIndex=0 -> windowIndex=0
2025-12-06 09:12:24.403 19424-19424 ReaderViewModel         com.rifters.riftedreader             D  [WINDOW_BUILD] CONTINUOUS complete: totalChapters=98, windowCount=20, initialWindowIndex=0
2025-12-06 09:12:24.403 19424-19424 PaginationModeGuard     com.rifters.riftedreader             D  [PAGINATION_DEBUG] Window count invariant OK: count=20, mode=null
2025-12-06 09:12:24.403 19424-19424 ReaderViewModel         com.rifters.riftedreader             D  [CONVEYOR] *** INITIALIZING WINDOWBUFFERMANAGER ***
                                                                                                      totalChapters=98
                                                                                                      initialWindowIndex=0
                                                                                                      chaptersPerWindow=5
2025-12-06 09:12:24.405 19424-19424 DefaultWindowAssembler  com.rifters.riftedreader             D  [PAGINATION_DEBUG] setTotalChapters: 98
2025-12-06 09:12:24.410 19424-19424 WindowBufferManager     com.rifters.riftedreader             D  [BUFFER_INIT] ENTRY: initialize(startWindow=0)
2025-12-06 09:12:24.410 19424-19424 WindowBufferManager     com.rifters.riftedreader             D  [BUFFER_INIT] Initializing buffer: totalWindows=20
2025-12-06 09:12:24.410 19424-19424 WindowBufferManager     com.rifters.riftedreader             D  [PAGINATION_DEBUG] Building buffer: totalWindows=20, requestedStart=0, actualRange=0-4
2025-12-06 09:12:24.410 19424-19424 WindowBufferManager     com.rifters.riftedreader             D  [PAGINATION_DEBUG] Buffer initialized: buffer=[0, 1, 2, 3, 4], activeWindow=0, phase=STARTUP
2025-12-06 09:12:24.410 19424-19424 WindowBufferManager     com.rifters.riftedreader             D  [PAGINATION_DEBUG] preloadAllBufferedWindows: buffer=[0, 1, 2, 3, 4]
2025-12-06 09:12:24.410 19424-19424 WindowBufferManager     com.rifters.riftedreader             D  [PAGINATION_DEBUG] preloadWindow: starting preload for window 0
2025-12-06 09:12:24.411 19424-19424 WindowBufferManager     com.rifters.riftedreader             D  [PAGINATION_DEBUG] preloadWindow: starting preload for window 1
2025-12-06 09:12:24.411 19424-19424 WindowBufferManager     com.rifters.riftedreader             D  [PAGINATION_DEBUG] preloadWindow: starting preload for window 2
2025-12-06 09:12:24.411 19424-19512 SlidingWindowPaginator  com.rifters.riftedreader             D  [PAGINATION_DEBUG] getWindowRange: windowIndex=0 -> chapters=0-4 (5 chapters)
2025-12-06 09:12:24.411 19424-19511 SlidingWindowPaginator  com.rifters.riftedreader             D  [PAGINATION_DEBUG] getWindowRange: windowIndex=1 -> chapters=5-9 (5 chapters)
2025-12-06 09:12:24.411 19424-19512 DefaultWindowAssembler  com.rifters.riftedreader             D  [PAGINATION_DEBUG] assembleWindow: windowIndex=0, chapters=0-4
2025-12-06 09:12:24.411 19424-19511 DefaultWindowAssembler  com.rifters.riftedreader             D  [PAGINATION_DEBUG] assembleWindow: windowIndex=1, chapters=5-9
2025-12-06 09:12:24.411 19424-19424 WindowBufferManager     com.rifters.riftedreader             D  [PAGINATION_DEBUG] preloadWindow: starting preload for window 3
2025-12-06 09:12:24.411 19424-19424 WindowBufferManager     com.rifters.riftedreader             D  [PAGINATION_DEBUG] preloadWindow: starting preload for window 4
2025-12-06 09:12:24.412 19424-19512 Continuous...mlProvider com.rifters.riftedreader             D  [PAGINATION_DEBUG] Generating window HTML for window 0, chapters: 0-4
2025-12-06 09:12:24.412 19424-19424 WindowBufferManager     com.rifters.riftedreader             D  [PAGINATION_DEBUG] Active window 0 not yet cached
2025-12-06 09:12:24.412 19424-19512 Continuous...mlProvider com.rifters.riftedreader             D  [PAGINATION_DEBUG] All chapters for window 0 already loaded: [0, 1, 2, 3, 4]
2025-12-06 09:12:24.412 19424-19424 WindowBufferManager     com.rifters.riftedreader             D  [BUFFER_INIT] EXIT: Buffer initialization complete
2025-12-06 09:12:24.412 19424-19512 Continuous...mlProvider com.rifters.riftedreader             D  [HTML_BUILD] Starting chapter collection for window 0, chapters: [0, 1, 2, 3, 4]
2025-12-06 09:12:24.412 19424-19512 Continuous...mlProvider com.rifters.riftedreader             D  [HTML_BUILD] Attempting to fetch chapter 0...
2025-12-06 09:12:24.413 19424-19512 Continuous...mlProvider com.rifters.riftedreader             D  [HTML_BUILD] Chapter 0 -> globalPageIndex=0, fetching content...
2025-12-06 09:12:24.413 19424-19514 SlidingWindowPaginator  com.rifters.riftedreader             D  [PAGINATION_DEBUG] getWindowRange: windowIndex=2 -> chapters=10-14 (5 chapters)
2025-12-06 09:12:24.413 19424-19514 DefaultWindowAssembler  com.rifters.riftedreader             D  [PAGINATION_DEBUG] assembleWindow: windowIndex=2, chapters=10-14
2025-12-06 09:12:24.413 19424-19512 Continuous...mlProvider com.rifters.riftedreader             D  [HTML_BUILD] Chapter 0 content FETCHED successfully (htmlLength=1059, textLength=0)
2025-12-06 09:12:24.413 19424-19514 Continuous...mlProvider com.rifters.riftedreader             D  [PAGINATION_DEBUG] Generating window HTML for window 2, chapters: 10-14
2025-12-06 09:12:24.413 19424-19514 Continuous...mlProvider com.rifters.riftedreader             D  [PAGINATION_DEBUG] Window 2 has missing chapters: [10, 11, 12, 13, 14] (loaded: [0, 1, 2, 3, 4], needed: [10, 11, 12, 13, 14])
2025-12-06 09:12:24.413 19424-19514 Continuous...mlProvider com.rifters.riftedreader             D  [PAGINATION_DEBUG] Loading window chapters 10-14: navigating to MIDDLE chapter 12 (this will load a 5-chapter window centered at 12)
2025-12-06 09:12:24.413 19424-19512 Continuous...mlProvider com.rifters.riftedreader             D  [HTML_BUILD] Attempting to fetch chapter 1...
2025-12-06 09:12:24.413 19424-19424 ReaderViewModel         com.rifters.riftedreader             D  [CONVEYOR] *** PHASE CHANGE OBSERVED: STARTUP ***
2025-12-06 09:12:24.413 19424-19515 SlidingWindowPaginator  com.rifters.riftedreader             D  [PAGINATION_DEBUG] getWindowRange: windowIndex=3 -> chapters=15-19 (5 chapters)
2025-12-06 09:12:24.414 19424-19515 DefaultWindowAssembler  com.rifters.riftedreader             D  [PAGINATION_DEBUG] assembleWindow: windowIndex=3, chapters=15-19
2025-12-06 09:12:24.414 19424-19424 ReaderViewModel         com.rifters.riftedreader             D  [CONVEYOR] INITIALIZATION COMPLETE: WindowBufferManager[phase=STARTUP, buffer=[0, 1, 2, 3, 4], activeWindow=0, cacheSize=0, cachedWindows=[]]
2025-12-06 09:12:24.415 19424-19514 ContinuousPaginator     com.rifters.riftedreader             D  Loading window: chapters 10-14
2025-12-06 09:12:24.415 19424-19514 ContinuousPaginator     com.rifters.riftedreader             D  Skipping unload during initialization: loadedChapters.size=5 < 25
2025-12-06 09:12:24.415 19424-19424 ReaderViewModel         com.rifters.riftedreader             D  [PAGINATION_DEBUG] preWrapInitialWindows: totalChapters=98, totalWindows=20, preWrapping=5 windows
2025-12-06 09:12:24.415 19424-19514 ContinuousPaginator     com.rifters.riftedreader             D  Loading chapter 10
2025-12-06 09:12:24.415 19424-19513 SlidingWindowPaginator  com.rifters.riftedreader             D  [PAGINATION_DEBUG] getWindowRange: windowIndex=4 -> chapters=20-24 (5 chapters)
2025-12-06 09:12:24.416 19424-19513 DefaultWindowAssembler  com.rifters.riftedreader             D  [PAGINATION_DEBUG] assembleWindow: windowIndex=4, chapters=20-24
2025-12-06 09:12:24.418 19424-19424 ReaderPagerAdapter      com.rifters.riftedreader             D  [PAGINATION_DEBUG] onCreateViewHolder: parentWidth=1080, parentHeight=2400
2025-12-06 09:12:24.418 19424-19424 ReaderPagerAdapter      com.rifters.riftedreader             D  [PAGINATION_DEBUG] onBindViewHolder: position=0 (windowIndex), totalWindows=20, currentWindowIndex=0, containerWidth=0, containerHeight=0
2025-12-06 09:12:24.431 19424-19424 ReaderPagerAdapter      com.rifters.riftedreader             D  [PAGINATION_DEBUG] Fragment CREATING: position=0 (windowIndex=0), fragmentTag=f0, activeFragments=0
2025-12-06 09:12:24.438 19424-19424 ReaderActivity          com.rifters.riftedreader             D  [BUFFER_SYNC] ENTRY: performInitialBufferSync() called
2025-12-06 09:12:24.438 19424-19424 ReaderActivity          com.rifters.riftedreader             D  [BUFFER_SYNC] Sync parameters: currentWindowIndex=0, adapterItemCount=20
2025-12-06 09:12:24.439 19424-19424 ReaderActivity          com.rifters.riftedreader             D  [BUFFER_SYNC] Syncing RecyclerView to initial buffer window 0 (adapterItemCount=20, paginationMode=CONTINUOUS)
2025-12-06 09:12:24.439 19424-19424 ReaderActivity          com.rifters.riftedreader             D  [BUFFER_SYNC] Scrolling to initial window: 0
2025-12-06 09:12:24.439 19424-19424 ReaderActivity          com.rifters.riftedreader             D  setCurrentItem: position=0, smoothScroll=false, adapterItemCount=20, recyclerViewSize=1080x2400, layoutManagerInitialized=true [SCROLL_REQUEST]
2025-12-06 09:12:24.439 19424-19424 ReaderActivity          com.rifters.riftedreader             D  Initiating instant scroll to position 0 [INSTANT_SCROLL]
2025-12-06 09:12:24.439 19424-19424 ReaderActivity          com.rifters.riftedreader             D  [BUFFER_SYNC] Notifying ViewModel: onWindowBecameVisible(0)
2025-12-06 09:12:24.439 19424-19424 ReaderViewModel         com.rifters.riftedreader             D  [WINDOW_VISIBILITY] ENTRY: onWindowBecameVisible(0)
2025-12-06 09:12:24.439 19424-19424 ReaderViewModel         com.rifters.riftedreader             D  [WINDOW_VISIBILITY] State before: buffer=[0, 1, 2, 3, 4], centerWindow=2, phase=STARTUP
2025-12-06 09:12:24.439 19424-19424 ReaderViewModel         com.rifters.riftedreader             D  [CONVEYOR] onWindowBecameVisible: windowIndex=0, currentBuffer=[0, 1, 2, 3, 4], phase=STARTUP
2025-12-06 09:12:24.440 19424-19424 WindowBufferManager     com.rifters.riftedreader             D  [WINDOW_ENTRY] ENTRY: onEnteredWindow(globalWindowIndex=0)
2025-12-06 09:12:24.440 19424-19424 WindowBufferManager     com.rifters.riftedreader             D  [PAGINATION_DEBUG] onEnteredWindow: globalWindowIndex=0, currentPhase=STARTUP, buffer=[0, 1, 2, 3, 4]
2025-12-06 09:12:24.440 19424-19424 WindowBufferManager     com.rifters.riftedreader             D  [WINDOW_ENTRY] Current state: phase=STARTUP, buffer=[0, 1, 2, 3, 4], activeWindow=0, centerWindow=2
2025-12-06 09:12:24.440 19424-19424 WindowBufferManager     com.rifters.riftedreader             D  [PAGINATION_DEBUG] Active window 0 not yet cached
2025-12-06 09:12:24.440 19424-19424 WindowBufferManager     com.rifters.riftedreader             D  [PHASE_TRANS_DEBUG] Checking transition: centerWindow=2, globalWindow=0, match=false
2025-12-06 09:12:24.440 19424-19424 WindowBufferManager     com.rifters.riftedreader             D  [WINDOW_ENTRY] Phase transition check: STARTUP->STEADY candidate at window=0 (center=2)
2025-12-06 09:12:24.440 19424-19424 WindowBufferManager     com.rifters.riftedreader             D  [WINDOW_ENTRY] Still in STARTUP phase: window=0 is not center (center=2)
2025-12-06 09:12:24.440 19424-19424 WindowBufferManager     com.rifters.riftedreader             D  [WINDOW_ENTRY] EXIT: onEnteredWindow complete, phase now=STARTUP
2025-12-06 09:12:24.440 19424-19424 WindowBufferManager     com.rifters.riftedreader             D  [PAGINATION_DEBUG] After onEnteredWindow: phase=STARTUP
2025-12-06 09:12:24.440 19424-19424 ReaderViewModel         com.rifters.riftedreader             D  [WINDOW_VISIBILITY] After onEnteredWindow: phase=STARTUP, buffer=[0, 1, 2, 3, 4], activeWindow=0
2025-12-06 09:12:24.440 19424-19424 ReaderViewModel         com.rifters.riftedreader             D  [CONVEYOR] After onEnteredWindow: phase=STARTUP, buffer=[0, 1, 2, 3, 4], debug=WindowBufferManager[phase=STARTUP, buffer=[0, 1, 2, 3, 4], activeWindow=0, cacheSize=0, cachedWindows=[]]
2025-12-06 09:12:24.440 19424-19424 ReaderViewModel         com.rifters.riftedreader             D  [WINDOW_VISIBILITY] EXIT: onWindowBecameVisible(0) completed
2025-12-06 09:12:24.440 19424-19514 Diagnostic              com.rifters.riftedreader             D  [Parser] Processing 1 images on page 10, contentDir='OEBPS'
2025-12-06 09:12:24.440 19424-19424 ReaderActivity          com.rifters.riftedreader             D  [BUFFER_SYNC] Diagnostics after sync: syncedWindow=0, bufferedWindows=[0, 1, 2, 3, 4], centerWindow=2, phase=STARTUP
2025-12-06 09:12:24.440 19424-19424 ReaderActivity          com.rifters.riftedreader             D  [BUFFER_SYNC] Initial sync complete: visibleWindow=0, buffer=[0, 1, 2, 3, 4], centerWindow=2, phase=STARTUP
2025-12-06 09:12:24.440 19424-19424 ReaderActivity          com.rifters.riftedreader             D  [BUFFER_SYNC] EXIT: Initial buffer sync completed
2025-12-06 09:12:24.441 19424-19424 ReaderPagerAdapter      com.rifters.riftedreader             D  [PAGINATION_DEBUG] Fragment COMMITTED: position=0, containerId=2131296510, activeFragments=1, fragmentTag=f0 [FRAGMENT_ADDED]
2025-12-06 09:12:24.443 19424-19514 Diagnostic              com.rifters.riftedreader             D  [Parser] Processing image: src='image_rsrcAMT.jpg', tag=img, originalDim=nullxnull
2025-12-06 09:12:24.443 19424-19514 Diagnostic              com.rifters.riftedreader             D  [Parser] Injected dimensions: 1920x853 for image_rsrcAMT.jpg
2025-12-06 09:12:24.444 19424-19514 Diagnostic              com.rifters.riftedreader             D  [Parser] [IMAGE_CACHE] Attempting to cache: chapter=10, file=OEBPS_image_rsrcAMT.jpg, dir=/storage/emulated/0/Download/.image_cache/Hell Difficulty Tutorial 4_ A LitRPG Adventure_nodrm/chapter_10, dirExists=true
2025-12-06 09:12:24.457 19424-19514 Diagnostic              com.rifters.riftedreader             D  [Parser] [IMAGE_CACHE] Wrote image: path=/storage/emulated/0/Download/.image_cache/Hell Difficulty Tutorial 4_ A LitRPG Adventure_nodrm/chapter_10/OEBPS_image_rsrcAMT.jpg, exists=true, size=15016 bytes
2025-12-06 09:12:24.458 19424-19514 Diagnostic              com.rifters.riftedreader             D  [Parser] [IMAGE_CACHE] Generated asset URL: https://appassets.androidplatform.net/epub-images/Hell%20Difficulty%20Tutorial%204_%20A%20LitRPG%20Adventure_nodrm/chapter_10/OEBPS_image_rsrcAMT.jpg
2025-12-06 09:12:24.458 19424-19514 Diagnostic              com.rifters.riftedreader             D  [Parser] Image processed: image_rsrcAMT.jpg -> actualDim=1920x853, dimensionsInjected=true
2025-12-06 09:12:24.458 19424-19514 Diagnostic              com.rifters.riftedreader             I  [Parser] Image processing complete for page 10: total=1, success=1, failed=0, dimensionsInjected=1
2025-12-06 09:12:24.475 19424-19514 HtmlDebugLogger         com.rifters.riftedreader             D  Logged chapter HTML to: book-Hell_Difficulty_Tutorial_4__A_LitRPG_Adventure_nod-chapter-10-20251206-091224-474.html (18004 bytes)
2025-12-06 09:12:24.476 19424-19514 ContinuousPaginator     com.rifters.riftedreader             D  Loaded chapter 10 with 1 pages
2025-12-06 09:12:24.476 19424-19514 ContinuousPaginator     com.rifters.riftedreader             D  Loading chapter 11
2025-12-06 09:12:24.496 19424-19514 Diagnostic              com.rifters.riftedreader             D  [Parser] Processing 1 images on page 11, contentDir='OEBPS'
2025-12-06 09:12:24.498 19424-19514 Diagnostic              com.rifters.riftedreader             D  [Parser] Processing image: src='image_rsrcAMT.jpg', tag=img, originalDim=nullxnull
2025-12-06 09:12:24.499 19424-19514 Diagnostic              com.rifters.riftedreader             D  [Parser] Injected dimensions: 1920x853 for image_rsrcAMT.jpg
2025-12-06 09:12:24.502 19424-19514 Diagnostic              com.rifters.riftedreader             D  [Parser] [IMAGE_CACHE] Attempting to cache: chapter=11, file=OEBPS_image_rsrcAMT.jpg, dir=/storage/emulated/0/Download/.image_cache/Hell Difficulty Tutorial 4_ A LitRPG Adventure_nodrm/chapter_11, dirExists=true
2025-12-06 09:12:24.520 19424-19514 Diagnostic              com.rifters.riftedreader             D  [Parser] [IMAGE_CACHE] Wrote image: path=/storage/emulated/0/Download/.image_cache/Hell Difficulty Tutorial 4_ A LitRPG Adventure_nodrm/chapter_11/OEBPS_image_rsrcAMT.jpg, exists=true, size=15016 bytes
2025-12-06 09:12:24.521 19424-19514 Diagnostic              com.rifters.riftedreader             D  [Parser] [IMAGE_CACHE] Generated asset URL: https://appassets.androidplatform.net/epub-images/Hell%20Difficulty%20Tutorial%204_%20A%20LitRPG%20Adventure_nodrm/chapter_11/OEBPS_image_rsrcAMT.jpg
2025-12-06 09:12:24.521 19424-19514 Diagnostic              com.rifters.riftedreader             D  [Parser] Image processed: image_rsrcAMT.jpg -> actualDim=1920x853, dimensionsInjected=true
2025-12-06 09:12:24.521 19424-19514 Diagnostic              com.rifters.riftedreader             I  [Parser] Image processing complete for page 11: total=1, success=1, failed=0, dimensionsInjected=1
2025-12-06 09:12:24.531 19424-19514 HtmlDebugLogger         com.rifters.riftedreader             D  Logged chapter HTML to: book-Hell_Difficulty_Tutorial_4__A_LitRPG_Adventure_nod-chapter-11-20251206-091224-530.html (15678 bytes)
2025-12-06 09:12:24.532 19424-19514 ContinuousPaginator     com.rifters.riftedreader             D  Loaded chapter 11 with 1 pages
2025-12-06 09:12:24.532 19424-19514 ContinuousPaginator     com.rifters.riftedreader             D  Loading chapter 12
2025-12-06 09:12:24.551 19424-19424 ReaderViewModel         com.rifters.riftedreader             D  [PAGINATION_DEBUG] getWindowHtml called: windowIndex=0, mode=CONTINUOUS
2025-12-06 09:12:24.555 19424-19424 ReaderPageFragment      com.rifters.riftedreader             D  [ASSET_LOADER_INIT] root=/storage/emulated/0/Download/.image_cache domain=appassets.androidplatform.net prefix=/epub-images/
2025-12-06 09:12:24.556 19424-19514 Diagnostic              com.rifters.riftedreader             D  [Parser] Processing 4 images on page 12, contentDir='OEBPS'
2025-12-06 09:12:24.559 19424-19514 Diagnostic              com.rifters.riftedreader             D  [Parser] Processing image: src='image_rsrcAMT.jpg', tag=img, originalDim=nullxnull
2025-12-06 09:12:24.560 19424-19514 Diagnostic              com.rifters.riftedreader             D  [Parser] Injected dimensions: 1920x853 for image_rsrcAMT.jpg
2025-12-06 09:12:24.561 19424-19514 Diagnostic              com.rifters.riftedreader             D  [Parser] [IMAGE_CACHE] Attempting to cache: chapter=12, file=OEBPS_image_rsrcAMT.jpg, dir=/storage/emulated/0/Download/.image_cache/Hell Difficulty Tutorial 4_ A LitRPG Adventure_nodrm/chapter_12, dirExists=true
2025-12-06 09:12:24.567 19424-19424 ReaderPageFragment      com.rifters.riftedreader             D  setupWebViewSwipeHandling() called for page 0
2025-12-06 09:12:24.569 19424-19424 ReaderPageFragment      com.rifters.riftedreader             D  [CONTENT_LOAD] Continuous mode: directly rendering window 0 from buffer
2025-12-06 09:12:24.570 19424-19424 ReaderPageFragment      com.rifters.riftedreader             D  [PAGINATION_DEBUG] renderBaseContent called: windowIndex=0, hasHtml=true, htmlLength=27, paginationMode=CONTINUOUS
2025-12-06 09:12:24.571 19424-19424 ReaderPageFragment      com.rifters.riftedreader             D  [WINDOW_HTML] Requesting window HTML for windowIndex=0 [BEFORE_CALL]
2025-12-06 09:12:24.572 19424-19424 ReaderViewModel         com.rifters.riftedreader             D  [PAGINATION_DEBUG] getWindowHtml called: windowIndex=0, mode=CONTINUOUS
2025-12-06 09:12:24.579 19424-19424 WindowRenderingDebug    com.rifters.riftedreader             D  [DEBUG_WINDOW_BG] Applied RED overlay to window 0 (color=0x40ff0000)
2025-12-06 09:12:24.582 19424-19514 Diagnostic              com.rifters.riftedreader             D  [Parser] [IMAGE_CACHE] Wrote image: path=/storage/emulated/0/Download/.image_cache/Hell Difficulty Tutorial 4_ A LitRPG Adventure_nodrm/chapter_12/OEBPS_image_rsrcAMT.jpg, exists=true, size=15016 bytes
2025-12-06 09:12:24.583 19424-19514 Diagnostic              com.rifters.riftedreader             D  [Parser] [IMAGE_CACHE] Generated asset URL: https://appassets.androidplatform.net/epub-images/Hell%20Difficulty%20Tutorial%204_%20A%20LitRPG%20Adventure_nodrm/chapter_12/OEBPS_image_rsrcAMT.jpg
2025-12-06 09:12:24.583 19424-19514 Diagnostic              com.rifters.riftedreader             D  [Parser] Image processed: image_rsrcAMT.jpg -> actualDim=1920x853, dimensionsInjected=true
2025-12-06 09:12:24.583 19424-19514 Diagnostic              com.rifters.riftedreader             D  [Parser] Processing image: src='image_rsrcAMT.jpg', tag=img, originalDim=nullxnull
2025-12-06 09:12:24.584 19424-19514 Diagnostic              com.rifters.riftedreader             D  [Parser] Injected dimensions: 1920x853 for image_rsrcAMT.jpg
